Reader review 2026-09-11; base 44d70a0. Full-book review, scoped fixes, offline validation.

===== browser.log =====
{"page": "00_intro", "device": "desktop", "heading": "地震統計與預報：從模型到臺灣觀測", "viewport": 1440, "width": 1440, "visibleCode": 0, "plots": 0, "mathErrors": 0, "mathRendered": 0, "rawMath": 0, "dropdowns": 0, "initiallyOpen": 0, "errors": []}
{"page": "09_forecasting_intro", "device": "desktop", "heading": "1. 地震預報從什麼問題開始", "viewport": 1440, "width": 1440, "visibleCode": 0, "plots": 2, "mathErrors": 0, "mathRendered": 4, "rawMath": 4, "dropdowns": 0, "initiallyOpen": 0, "errors": []}
{"page": "foundation_catalog", "device": "desktop", "heading": "2. 從地震目錄提出統計問題", "viewport": 1440, "width": 1440, "visibleCode": 0, "plots": 2, "mathErrors": 0, "mathRendered": 3, "rawMath": 3, "dropdowns": 0, "initiallyOpen": 0, "errors": [], "plot_trace_count": 4}
{"page": "foundation_randomness", "device": "desktop", "heading": "3. 隨機性與叢集：平均之外還有什麼", "viewport": 1440, "width": 1440, "visibleCode": 0, "plots": 2, "mathErrors": 0, "mathRendered": 7, "rawMath": 7, "dropdowns": 1, "initiallyOpen": 0, "errors": [], "admonition_opens": true, "admonition_closes": true, "plot_trace_count": 3}
{"page": "10_point_process", "device": "desktop", "heading": "4. 點過程：把歷史轉成可更新的發生率", "viewport": 1440, "width": 1440, "visibleCode": 0, "plots": 5, "mathErrors": 0, "mathRendered": 27, "rawMath": 27, "dropdowns": 0, "initiallyOpen": 0, "errors": [], "plot_trace_count": 3}
{"page": "11_catalog_completeness_b", "device": "desktop", "heading": "5. 目錄統計 I：完整度與規模分布", "viewport": 1440, "width": 1440, "visibleCode": 0, "plots": 6, "mathErrors": 0, "mathRendered": 71, "rawMath": 71, "dropdowns": 3, "initiallyOpen": 0, "errors": [], "admonition_opens": true, "admonition_closes": true}
{"page": "12_clustering_laws", "device": "desktop", "heading": "6. 目錄統計 II：叢集的經驗律與除叢", "viewport": 1440, "width": 1440, "visibleCode": 0, "plots": 6, "mathErrors": 0, "mathRendered": 57, "rawMath": 57, "dropdowns": 1, "initiallyOpen": 0, "errors": [], "admonition_opens": true, "admonition_closes": true}
{"page": "foundation_inference", "device": "desktop", "heading": "7. 從描述到估計：資料能讓我們知道多少", "viewport": 1440, "width": 1440, "visibleCode": 0, "plots": 2, "mathErrors": 0, "mathRendered": 17, "rawMath": 17, "dropdowns": 1, "initiallyOpen": 0, "errors": [], "admonition_opens": true, "admonition_closes": true, "plot_trace_count": 2}
{"page": "13_etas_structure", "device": "desktop", "heading": "8. ETAS I：把每個事件接進預報", "viewport": 1440, "width": 1440, "visibleCode": 0, "plots": 6, "mathErrors": 0, "mathRendered": 72, "rawMath": 72, "dropdowns": 1, "initiallyOpen": 0, "errors": [], "admonition_opens": true, "admonition_closes": true, "plot_trace_count": 2}
{"page": "14_etas_estimation", "device": "desktop", "heading": "9. ETAS II：從目錄估計模型，再檢查它", "viewport": 1440, "width": 1440, "visibleCode": 0, "plots": 6, "mathErrors": 0, "mathRendered": 50, "rawMath": 50, "dropdowns": 0, "initiallyOpen": 0, "errors": []}
{"page": "15_psi_phenomenon", "device": "desktop", "heading": "10. Ψ：從震前活動看統計證據", "viewport": 1440, "width": 1440, "visibleCode": 0, "plots": 6, "mathErrors": 0, "mathRendered": 39, "rawMath": 39, "dropdowns": 1, "initiallyOpen": 0, "errors": [], "admonition_opens": true, "admonition_closes": true, "plot_trace_count": 8}
{"page": "16_eepas_ppe", "device": "desktop", "heading": "11. EEPAS 與 PPE：讓尺度關係成為機率預報", "viewport": 1440, "width": 1440, "visibleCode": 0, "plots": 7, "mathErrors": 0, "mathRendered": 37, "rawMath": 37, "dropdowns": 1, "initiallyOpen": 0, "errors": [], "admonition_opens": true, "admonition_closes": true}
{"page": "17_testing_consistency", "device": "desktop", "heading": "12. 預報檢驗 I：觀測是否符合模型", "viewport": 1440, "width": 1440, "visibleCode": 0, "plots": 5, "mathErrors": 0, "mathRendered": 19, "rawMath": 19, "dropdowns": 1, "initiallyOpen": 0, "errors": [], "admonition_opens": true, "admonition_closes": true}
{"page": "18_testing_comparison", "device": "desktop", "heading": "13. 預報檢驗 II：新增資訊是否有幫助", "viewport": 1440, "width": 1440, "visibleCode": 0, "plots": 6, "mathErrors": 0, "mathRendered": 23, "rawMath": 23, "dropdowns": 1, "initiallyOpen": 0, "errors": [], "admonition_opens": true, "admonition_closes": true, "plot_trace_count": 3}
{"page": "19_ensembles", "device": "desktop", "heading": "14. 模型組合：利用不同尺度的資訊", "viewport": 1440, "width": 1440, "visibleCode": 0, "plots": 6, "mathErrors": 0, "mathRendered": 11, "rawMath": 11, "dropdowns": 1, "initiallyOpen": 0, "errors": [], "admonition_opens": true, "admonition_closes": true}
{"page": "20_recurrence_models", "device": "desktop", "heading": "15. 複發模型：已經等了多久，也是資訊", "viewport": 1440, "width": 1440, "visibleCode": 0, "plots": 5, "mathErrors": 0, "mathRendered": 40, "rawMath": 40, "dropdowns": 1, "initiallyOpen": 0, "errors": [], "admonition_opens": true, "admonition_closes": true}
{"page": "21_psha", "device": "desktop", "heading": "16. PSHA：從地震發生走到場址搖晃", "viewport": 1440, "width": 1440, "visibleCode": 0, "plots": 6, "mathErrors": 0, "mathRendered": 24, "rawMath": 24, "dropdowns": 1, "initiallyOpen": 0, "errors": [], "admonition_opens": true, "admonition_closes": true}
{"page": "22_operational_systems", "device": "desktop", "heading": "17. 作業化預報：讓資料、模型與使用者接得起來", "viewport": 1440, "width": 1440, "visibleCode": 0, "plots": 5, "mathErrors": 0, "mathRendered": 3, "rawMath": 3, "dropdowns": 1, "initiallyOpen": 0, "errors": [], "admonition_opens": true, "admonition_closes": true}
{"page": "01_overview", "device": "desktop", "heading": "18. 臺灣地球物理觀測總覽", "viewport": 1440, "width": 1440, "visibleCode": 0, "plots": 2, "mathErrors": 0, "mathRendered": 0, "rawMath": 0, "dropdowns": 0, "initiallyOpen": 0, "errors": [], "plot_trace_count": 7}
{"page": "02_download", "device": "desktop", "heading": "19. 資料產品與品質：取得資料之前先定義問題", "viewport": 1440, "width": 1440, "visibleCode": 0, "plots": 0, "mathErrors": 0, "mathRendered": 0, "rawMath": 0, "dropdowns": 0, "initiallyOpen": 0, "errors": []}
{"page": "03_groundwater", "device": "desktop", "heading": "20. 地下水位：含水層如何回應外界擾動", "viewport": 1440, "width": 1440, "visibleCode": 0, "plots": 4, "mathErrors": 0, "mathRendered": 0, "rawMath": 0, "dropdowns": 0, "initiallyOpen": 0, "errors": []}
{"page": "04_geomagnetic", "device": "desktop", "heading": "21. 地磁觀測：共同背景與局部變化", "viewport": 1440, "width": 1440, "visibleCode": 0, "plots": 4, "mathErrors": 0, "mathRendered": 0, "rawMath": 0, "dropdowns": 0, "initiallyOpen": 0, "errors": []}
{"page": "05_seismic", "device": "desktop", "heading": "22. 地動觀測：波形如何成為地震目錄", "viewport": 1440, "width": 1440, "visibleCode": 0, "plots": 5, "mathErrors": 0, "mathRendered": 11, "rawMath": 11, "dropdowns": 0, "initiallyOpen": 0, "errors": []}
{"page": "06_gnss", "device": "desktop", "heading": "23. GNSS：從衛星訊號到地表位移", "viewport": 1440, "width": 1440, "visibleCode": 0, "plots": 1, "mathErrors": 0, "mathRendered": 0, "rawMath": 0, "dropdowns": 0, "initiallyOpen": 0, "errors": []}
{"page": "07_case_hualien2024", "device": "desktop", "heading": "24. 花蓮案例：同一場地震，不同觀測回答什麼", "viewport": 1440, "width": 1440, "visibleCode": 0, "plots": 6, "mathErrors": 0, "mathRendered": 1, "rawMath": 1, "dropdowns": 0, "initiallyOpen": 0, "errors": [], "plot_trace_count": 1}
{"page": "08_explore_ideas", "device": "desktop", "heading": "25. 從觀測現象到可檢驗的證據", "viewport": 1440, "width": 1440, "visibleCode": 0, "plots": 0, "mathErrors": 0, "mathRendered": 2, "rawMath": 2, "dropdowns": 1, "initiallyOpen": 0, "errors": [], "dropdown_opens": true, "dropdown_closes": true}
{"page": "23_taiwan_outlook", "device": "desktop", "heading": "26. 臺灣展望：把觀測、預報與驗證接起來", "viewport": 1440, "width": 1440, "visibleCode": 0, "plots": 5, "mathErrors": 0, "mathRendered": 6, "rawMath": 6, "dropdowns": 0, "initiallyOpen": 0, "errors": []}
{"page": "appendix_a_point_process", "device": "desktop", "heading": "附錄 A：點過程的機率、概似與模擬", "viewport": 1440, "width": 1440, "visibleCode": 0, "plots": 0, "mathErrors": 0, "mathRendered": 88, "rawMath": 88, "dropdowns": 0, "initiallyOpen": 0, "errors": []}
{"page": "appendix_b_catalog", "device": "desktop", "heading": "附錄 B：目錄統計與叢集律的推導", "viewport": 1440, "width": 1440, "visibleCode": 0, "plots": 0, "mathErrors": 0, "mathRendered": 120, "rawMath": 120, "dropdowns": 0, "initiallyOpen": 0, "errors": []}
{"page": "appendix_c_etas", "device": "desktop", "heading": "附錄 C：ETAS 的分支、概似與推論", "viewport": 1440, "width": 1440, "visibleCode": 0, "plots": 0, "mathErrors": 0, "mathRendered": 121, "rawMath": 121, "dropdowns": 0, "initiallyOpen": 0, "errors": []}
{"page": "appendix_d_eepas", "device": "desktop", "heading": "附錄 D：Ψ 的量測與 EEPAS 的核函數", "viewport": 1440, "width": 1440, "visibleCode": 0, "plots": 0, "mathErrors": 0, "mathRendered": 92, "rawMath": 92, "dropdowns": 0, "initiallyOpen": 0, "errors": []}
{"page": "appendix_e_testing", "device": "desktop", "heading": "附錄 E：預報檢驗與模型組合的推導", "viewport": 1440, "width": 1440, "visibleCode": 0, "plots": 0, "mathErrors": 0, "mathRendered": 129, "rawMath": 129, "dropdowns": 0, "initiallyOpen": 0, "errors": []}
{"page": "appendix_f_hazard", "device": "desktop", "heading": "附錄 F：複發時間與地震危害積分", "viewport": 1440, "width": 1440, "visibleCode": 0, "plots": 0, "mathErrors": 0, "mathRendered": 83, "rawMath": 83, "dropdowns": 0, "initiallyOpen": 0, "errors": []}
{"page": "appendix_g_observations", "device": "desktop", "heading": "附錄 G：觀測資料、處理與幾何細節", "viewport": 1440, "width": 1440, "visibleCode": 0, "plots": 0, "mathErrors": 0, "mathRendered": 29, "rawMath": 29, "dropdowns": 0, "initiallyOpen": 0, "errors": []}
{"page": "00_intro", "device": "mobile", "heading": "地震統計與預報：從模型到臺灣觀測", "viewport": 390, "width": 390, "visibleCode": 0, "plots": 0, "mathErrors": 0, "mathRendered": 0, "rawMath": 0, "dropdowns": 0, "initiallyOpen": 0, "errors": []}
{"page": "09_forecasting_intro", "device": "mobile", "heading": "1. 地震預報從什麼問題開始", "viewport": 390, "width": 390, "visibleCode": 0, "plots": 2, "mathErrors": 0, "mathRendered": 4, "rawMath": 4, "dropdowns": 0, "initiallyOpen": 0, "errors": []}
{"page": "foundation_catalog", "device": "mobile", "heading": "2. 從地震目錄提出統計問題", "viewport": 390, "width": 390, "visibleCode": 0, "plots": 2, "mathErrors": 0, "mathRendered": 3, "rawMath": 3, "dropdowns": 0, "initiallyOpen": 0, "errors": [], "plot_trace_count": 4, "figure_scrolls": true}
{"page": "foundation_randomness", "device": "mobile", "heading": "3. 隨機性與叢集：平均之外還有什麼", "viewport": 390, "width": 390, "visibleCode": 0, "plots": 2, "mathErrors": 0, "mathRendered": 7, "rawMath": 7, "dropdowns": 1, "initiallyOpen": 0, "errors": [], "admonition_opens": true, "admonition_closes": true, "plot_trace_count": 3, "figure_scrolls": true}
{"page": "10_point_process", "device": "mobile", "heading": "4. 點過程：把歷史轉成可更新的發生率", "viewport": 390, "width": 390, "visibleCode": 0, "plots": 5, "mathErrors": 0, "mathRendered": 27, "rawMath": 27, "dropdowns": 0, "initiallyOpen": 0, "errors": [], "plot_trace_count": 3, "figure_scrolls": true}
{"page": "11_catalog_completeness_b", "device": "mobile", "heading": "5. 目錄統計 I：完整度與規模分布", "viewport": 390, "width": 390, "visibleCode": 0, "plots": 6, "mathErrors": 0, "mathRendered": 71, "rawMath": 71, "dropdowns": 3, "initiallyOpen": 0, "errors": [], "admonition_opens": true, "admonition_closes": true}
{"page": "12_clustering_laws", "device": "mobile", "heading": "6. 目錄統計 II：叢集的經驗律與除叢", "viewport": 390, "width": 390, "visibleCode": 0, "plots": 6, "mathErrors": 0, "mathRendered": 57, "rawMath": 57, "dropdowns": 1, "initiallyOpen": 0, "errors": [], "admonition_opens": true, "admonition_closes": true}
{"page": "foundation_inference", "device": "mobile", "heading": "7. 從描述到估計：資料能讓我們知道多少", "viewport": 390, "width": 390, "visibleCode": 0, "plots": 2, "mathErrors": 0, "mathRendered": 17, "rawMath": 17, "dropdowns": 1, "initiallyOpen": 0, "errors": [], "admonition_opens": true, "admonition_closes": true, "plot_trace_count": 2, "figure_scrolls": true}
{"page": "13_etas_structure", "device": "mobile", "heading": "8. ETAS I：把每個事件接進預報", "viewport": 390, "width": 390, "visibleCode": 0, "plots": 6, "mathErrors": 0, "mathRendered": 72, "rawMath": 72, "dropdowns": 1, "initiallyOpen": 0, "errors": [], "admonition_opens": true, "admonition_closes": true, "plot_trace_count": 2, "figure_scrolls": true}
{"page": "14_etas_estimation", "device": "mobile", "heading": "9. ETAS II：從目錄估計模型，再檢查它", "viewport": 390, "width": 390, "visibleCode": 0, "plots": 6, "mathErrors": 0, "mathRendered": 50, "rawMath": 50, "dropdowns": 0, "initiallyOpen": 0, "errors": []}
{"page": "15_psi_phenomenon", "device": "mobile", "heading": "10. Ψ：從震前活動看統計證據", "viewport": 390, "width": 390, "visibleCode": 0, "plots": 6, "mathErrors": 0, "mathRendered": 39, "rawMath": 39, "dropdowns": 1, "initiallyOpen": 0, "errors": [], "admonition_opens": true, "admonition_closes": true, "plot_trace_count": 8, "figure_scrolls": true}
{"page": "16_eepas_ppe", "device": "mobile", "heading": "11. EEPAS 與 PPE：讓尺度關係成為機率預報", "viewport": 390, "width": 390, "visibleCode": 0, "plots": 7, "mathErrors": 0, "mathRendered": 37, "rawMath": 37, "dropdowns": 1, "initiallyOpen": 0, "errors": [], "admonition_opens": true, "admonition_closes": true}
{"page": "17_testing_consistency", "device": "mobile", "heading": "12. 預報檢驗 I：觀測是否符合模型", "viewport": 390, "width": 390, "visibleCode": 0, "plots": 5, "mathErrors": 0, "mathRendered": 19, "rawMath": 19, "dropdowns": 1, "initiallyOpen": 0, "errors": [], "admonition_opens": true, "admonition_closes": true}
{"page": "18_testing_comparison", "device": "mobile", "heading": "13. 預報檢驗 II：新增資訊是否有幫助", "viewport": 390, "width": 390, "visibleCode": 0, "plots": 6, "mathErrors": 0, "mathRendered": 23, "rawMath": 23, "dropdowns": 1, "initiallyOpen": 0, "errors": [], "admonition_opens": true, "admonition_closes": true, "plot_trace_count": 3, "figure_scrolls": true}
{"page": "19_ensembles", "device": "mobile", "heading": "14. 模型組合：利用不同尺度的資訊", "viewport": 390, "width": 390, "visibleCode": 0, "plots": 6, "mathErrors": 0, "mathRendered": 11, "rawMath": 11, "dropdowns": 1, "initiallyOpen": 0, "errors": [], "admonition_opens": true, "admonition_closes": true}
{"page": "20_recurrence_models", "device": "mobile", "heading": "15. 複發模型：已經等了多久，也是資訊", "viewport": 390, "width": 390, "visibleCode": 0, "plots": 5, "mathErrors": 0, "mathRendered": 40, "rawMath": 40, "dropdowns": 1, "initiallyOpen": 0, "errors": [], "admonition_opens": true, "admonition_closes": true}
{"page": "21_psha", "device": "mobile", "heading": "16. PSHA：從地震發生走到場址搖晃", "viewport": 390, "width": 390, "visibleCode": 0, "plots": 6, "mathErrors": 0, "mathRendered": 24, "rawMath": 24, "dropdowns": 1, "initiallyOpen": 0, "errors": [], "admonition_opens": true, "admonition_closes": true}
{"page": "22_operational_systems", "device": "mobile", "heading": "17. 作業化預報：讓資料、模型與使用者接得起來", "viewport": 390, "width": 390, "visibleCode": 0, "plots": 5, "mathErrors": 0, "mathRendered": 3, "rawMath": 3, "dropdowns": 1, "initiallyOpen": 0, "errors": [], "admonition_opens": true, "admonition_closes": true}
{"page": "01_overview", "device": "mobile", "heading": "18. 臺灣地球物理觀測總覽", "viewport": 390, "width": 390, "visibleCode": 0, "plots": 2, "mathErrors": 0, "mathRendered": 0, "rawMath": 0, "dropdowns": 0, "initiallyOpen": 0, "errors": [], "plot_trace_count": 7, "figure_scrolls": true}
{"page": "02_download", "device": "mobile", "heading": "19. 資料產品與品質：取得資料之前先定義問題", "viewport": 390, "width": 390, "visibleCode": 0, "plots": 0, "mathErrors": 0, "mathRendered": 0, "rawMath": 0, "dropdowns": 0, "initiallyOpen": 0, "errors": []}
{"page": "03_groundwater", "device": "mobile", "heading": "20. 地下水位：含水層如何回應外界擾動", "viewport": 390, "width": 390, "visibleCode": 0, "plots": 4, "mathErrors": 0, "mathRendered": 0, "rawMath": 0, "dropdowns": 0, "initiallyOpen": 0, "errors": []}
{"page": "04_geomagnetic", "device": "mobile", "heading": "21. 地磁觀測：共同背景與局部變化", "viewport": 390, "width": 390, "visibleCode": 0, "plots": 4, "mathErrors": 0, "mathRendered": 0, "rawMath": 0, "dropdowns": 0, "initiallyOpen": 0, "errors": []}
{"page": "05_seismic", "device": "mobile", "heading": "22. 地動觀測：波形如何成為地震目錄", "viewport": 390, "width": 390, "visibleCode": 0, "plots": 5, "mathErrors": 0, "mathRendered": 11, "rawMath": 11, "dropdowns": 0, "initiallyOpen": 0, "errors": []}
{"page": "06_gnss", "device": "mobile", "heading": "23. GNSS：從衛星訊號到地表位移", "viewport": 390, "width": 390, "visibleCode": 0, "plots": 1, "mathErrors": 0, "mathRendered": 0, "rawMath": 0, "dropdowns": 0, "initiallyOpen": 0, "errors": []}
{"page": "07_case_hualien2024", "device": "mobile", "heading": "24. 花蓮案例：同一場地震，不同觀測回答什麼", "viewport": 390, "width": 390, "visibleCode": 0, "plots": 6, "mathErrors": 0, "mathRendered": 1, "rawMath": 1, "dropdowns": 0, "initiallyOpen": 0, "errors": [], "plot_trace_count": 1, "figure_scrolls": true}
{"page": "08_explore_ideas", "device": "mobile", "heading": "25. 從觀測現象到可檢驗的證據", "viewport": 390, "width": 390, "visibleCode": 0, "plots": 0, "mathErrors": 0, "mathRendered": 2, "rawMath": 2, "dropdowns": 1, "initiallyOpen": 0, "errors": [], "dropdown_opens": true, "dropdown_closes": true}
{"page": "23_taiwan_outlook", "device": "mobile", "heading": "26. 臺灣展望：把觀測、預報與驗證接起來", "viewport": 390, "width": 390, "visibleCode": 0, "plots": 5, "mathErrors": 0, "mathRendered": 6, "rawMath": 6, "dropdowns": 0, "initiallyOpen": 0, "errors": []}
{"page": "appendix_a_point_process", "device": "mobile", "heading": "附錄 A：點過程的機率、概似與模擬", "viewport": 390, "width": 390, "visibleCode": 0, "plots": 0, "mathErrors": 0, "mathRendered": 88, "rawMath": 88, "dropdowns": 0, "initiallyOpen": 0, "errors": []}
{"page": "appendix_b_catalog", "device": "mobile", "heading": "附錄 B：目錄統計與叢集律的推導", "viewport": 390, "width": 390, "visibleCode": 0, "plots": 0, "mathErrors": 0, "mathRendered": 120, "rawMath": 120, "dropdowns": 0, "initiallyOpen": 0, "errors": []}
{"page": "appendix_c_etas", "device": "mobile", "heading": "附錄 C：ETAS 的分支、概似與推論", "viewport": 390, "width": 390, "visibleCode": 0, "plots": 0, "mathErrors": 0, "mathRendered": 121, "rawMath": 121, "dropdowns": 0, "initiallyOpen": 0, "errors": []}
{"page": "appendix_d_eepas", "device": "mobile", "heading": "附錄 D：Ψ 的量測與 EEPAS 的核函數", "viewport": 390, "width": 390, "visibleCode": 0, "plots": 0, "mathErrors": 0, "mathRendered": 92, "rawMath": 92, "dropdowns": 0, "initiallyOpen": 0, "errors": []}
{"page": "appendix_e_testing", "device": "mobile", "heading": "附錄 E：預報檢驗與模型組合的推導", "viewport": 390, "width": 390, "visibleCode": 0, "plots": 0, "mathErrors": 0, "mathRendered": 129, "rawMath": 129, "dropdowns": 0, "initiallyOpen": 0, "errors": []}
{"page": "appendix_f_hazard", "device": "mobile", "heading": "附錄 F：複發時間與地震危害積分", "viewport": 390, "width": 390, "visibleCode": 0, "plots": 0, "mathErrors": 0, "mathRendered": 83, "rawMath": 83, "dropdowns": 0, "initiallyOpen": 0, "errors": []}
{"page": "appendix_g_observations", "device": "mobile", "heading": "附錄 G：觀測資料、處理與幾何細節", "viewport": 390, "width": 390, "visibleCode": 0, "plots": 0, "mathErrors": 0, "mathRendered": 29, "rawMath": 29, "dropdowns": 0, "initiallyOpen": 0, "errors": []}
FAILURES []

===== build.log =====
Running Jupyter-Book v1.0.4.post1
Source Folder: /home/phonchi/vizualization/book
Config Path: /home/phonchi/vizualization/book/_build/offline_config.yml
Output Path: /home/phonchi/vizualization/book/_build/html
Running Sphinx v7.4.7
loading translations [en]... done
[etoc] Changing master_doc to '00_intro'
[etoc] Excluded 1 extra file(s) not in toc
myst v3.0.1: MdParserConfig(commonmark_only=False, gfm_only=False, enable_extensions={'colon_fence', 'linkify', 'tasklist', 'substitution', 'dollarmath'}, disable_syntax=[], all_links_external=False, links_external_new_tab=False, url_schemes=('mailto', 'http', 'https'), ref_domains=None, fence_as_directive=set(), number_code_blocks=[], title_to_header=False, heading_anchors=0, heading_slug_func=None, html_meta={}, footnote_transition=True, words_per_minute=200, substitutions={}, linkify_fuzzy_links=True, dmath_allow_labels=True, dmath_allow_space=True, dmath_allow_digits=True, dmath_double_inline=False, update_mathjax=True, mathjax_classes='tex2jax_process|mathjax_process|math|output_area', enable_checkboxes=False, suppress_warnings=[], highlight_code_blocks=True)
myst-nb v1.4.0: NbParserConfig(custom_formats={}, metadata_key='mystnb', cell_metadata_key='mystnb', kernel_rgx_aliases={}, eval_name_regex='^[a-zA-Z_][a-zA-Z0-9_]*$', execution_mode='off', execution_cache_path='', execution_excludepatterns=[], execution_timeout=600, execution_in_temp=False, execution_allow_errors=False, execution_raise_on_error=False, execution_show_tb=False, merge_streams=True, render_plugin='default', remove_code_source=False, remove_code_outputs=False, scroll_outputs=False, code_prompt_show='Show code cell {type}', code_prompt_hide='Hide code cell {type}', number_source_lines=False, output_stderr='show', render_text_lexer='myst-ansi', render_error_lexer='ipythontb', render_image_options={}, render_figure_options={}, render_markdown_format='commonmark', output_folder='build', append_css=True, metadata_to_fm=False)
Using jupyter-cache at: /home/phonchi/vizualization/book/_build/.jupyter_cache
sphinx-multitoc-numbering v0.1.3: Loaded
building [mo]: targets for 0 po files that are out of date
writing output...
building [html]: targets for 34 source files that are out of date
updating environment: [new config] 34 added, 0 changed, 0 removed
reading sources... [  3%] 00_intro
reading sources... [  6%] 01_overview
reading sources... [  9%] 02_download
reading sources... [ 12%] 03_groundwater
reading sources... [ 15%] 04_geomagnetic
reading sources... [ 18%] 05_seismic
reading sources... [ 21%] 06_gnss
reading sources... [ 24%] 07_case_hualien2024
reading sources... [ 26%] 08_explore_ideas
reading sources... [ 29%] 09_forecasting_intro
reading sources... [ 32%] 10_point_process
reading sources... [ 35%] 11_catalog_completeness_b
reading sources... [ 38%] 12_clustering_laws
reading sources... [ 41%] 13_etas_structure
reading sources... [ 44%] 14_etas_estimation
reading sources... [ 47%] 15_psi_phenomenon
reading sources... [ 50%] 16_eepas_ppe
reading sources... [ 53%] 17_testing_consistency
reading sources... [ 56%] 18_testing_comparison
reading sources... [ 59%] 19_ensembles
reading sources... [ 62%] 20_recurrence_models
reading sources... [ 65%] 21_psha
reading sources... [ 68%] 22_operational_systems
reading sources... [ 71%] 23_taiwan_outlook
reading sources... [ 74%] appendix_a_point_process
reading sources... [ 76%] appendix_b_catalog
reading sources... [ 79%] appendix_c_etas
reading sources... [ 82%] appendix_d_eepas
reading sources... [ 85%] appendix_e_testing
reading sources... [ 88%] appendix_f_hazard
reading sources... [ 91%] appendix_g_observations
reading sources... [ 94%] foundation_catalog
reading sources... [ 97%] foundation_inference
reading sources... [100%] foundation_randomness

looking for now-outdated files... none found
pickling environment... done
checking consistency... done
preparing documents... done
copying assets...
copying static files... done
copying extra files... done
copying assets: done
writing output... [  3%] 00_intro
writing output... [  6%] 01_overview
writing output... [  9%] 02_download
writing output... [ 12%] 03_groundwater
writing output... [ 15%] 04_geomagnetic
writing output... [ 18%] 05_seismic
writing output... [ 21%] 06_gnss
writing output... [ 24%] 07_case_hualien2024
writing output... [ 26%] 08_explore_ideas
writing output... [ 29%] 09_forecasting_intro
writing output... [ 32%] 10_point_process
writing output... [ 35%] 11_catalog_completeness_b
writing output... [ 38%] 12_clustering_laws
writing output... [ 41%] 13_etas_structure
writing output... [ 44%] 14_etas_estimation
writing output... [ 47%] 15_psi_phenomenon
writing output... [ 50%] 16_eepas_ppe
writing output... [ 53%] 17_testing_consistency
writing output... [ 56%] 18_testing_comparison
writing output... [ 59%] 19_ensembles
writing output... [ 62%] 20_recurrence_models
writing output... [ 65%] 21_psha
writing output... [ 68%] 22_operational_systems
writing output... [ 71%] 23_taiwan_outlook
writing output... [ 74%] appendix_a_point_process
writing output... [ 76%] appendix_b_catalog
writing output... [ 79%] appendix_c_etas
writing output... [ 82%] appendix_d_eepas
writing output... [ 85%] appendix_e_testing
writing output... [ 88%] appendix_f_hazard
writing output... [ 91%] appendix_g_observations
writing output... [ 94%] foundation_catalog
writing output... [ 97%] foundation_inference
writing output... [100%] foundation_randomness

generating indices... genindex done
writing additional pages... search done
copying images... [ 50%] _build/jupyter_execute/38e75fcbdacfd1f2dd310e14739077c22f128761cbe674a45f900c5fd82d842d.png
copying images... [100%] _build/jupyter_execute/4e8369ae3c50b67b3634d61705d4ac8e9b5b26ce2cd3fa4dbe9bdfd8286fbaa2.png

dumping search index in English (code: en)... done
dumping object inventory... done
build succeeded.

The HTML pages are in book/_build/html.

===============================================================================

Finished generating HTML for book.
Your book's HTML pages are here:
    book/_build/html/
You can look at your book by opening this file in a browser:
    book/_build/html/index.html
Or paste this line directly into your browser bar:
    file:///home/phonchi/vizualization/book/_build/html/index.html

===============================================================================


===== build_final.log =====
Running Jupyter-Book v1.0.4.post1
Source Folder: /home/phonchi/vizualization/book
Config Path: /home/phonchi/vizualization/book/_build/offline_config.yml
Output Path: /home/phonchi/vizualization/book/_build/html
Running Sphinx v7.4.7
loading translations [en]... done
[etoc] Changing master_doc to '00_intro'
[etoc] Excluded 1 extra file(s) not in toc
myst v3.0.1: MdParserConfig(commonmark_only=False, gfm_only=False, enable_extensions={'linkify', 'colon_fence', 'dollarmath', 'tasklist', 'substitution'}, disable_syntax=[], all_links_external=False, links_external_new_tab=False, url_schemes=('mailto', 'http', 'https'), ref_domains=None, fence_as_directive=set(), number_code_blocks=[], title_to_header=False, heading_anchors=0, heading_slug_func=None, html_meta={}, footnote_transition=True, words_per_minute=200, substitutions={}, linkify_fuzzy_links=True, dmath_allow_labels=True, dmath_allow_space=True, dmath_allow_digits=True, dmath_double_inline=False, update_mathjax=True, mathjax_classes='tex2jax_process|mathjax_process|math|output_area', enable_checkboxes=False, suppress_warnings=[], highlight_code_blocks=True)
myst-nb v1.4.0: NbParserConfig(custom_formats={}, metadata_key='mystnb', cell_metadata_key='mystnb', kernel_rgx_aliases={}, eval_name_regex='^[a-zA-Z_][a-zA-Z0-9_]*$', execution_mode='off', execution_cache_path='', execution_excludepatterns=[], execution_timeout=600, execution_in_temp=False, execution_allow_errors=False, execution_raise_on_error=False, execution_show_tb=False, merge_streams=True, render_plugin='default', remove_code_source=False, remove_code_outputs=False, scroll_outputs=False, code_prompt_show='Show code cell {type}', code_prompt_hide='Hide code cell {type}', number_source_lines=False, output_stderr='show', render_text_lexer='myst-ansi', render_error_lexer='ipythontb', render_image_options={}, render_figure_options={}, render_markdown_format='commonmark', output_folder='build', append_css=True, metadata_to_fm=False)
Using jupyter-cache at: /home/phonchi/vizualization/book/_build/.jupyter_cache
sphinx-multitoc-numbering v0.1.3: Loaded
building [mo]: targets for 0 po files that are out of date
writing output...
building [html]: targets for 34 source files that are out of date
updating environment: [new config] 34 added, 0 changed, 0 removed
reading sources... [  3%] 00_intro
reading sources... [  6%] 01_overview
reading sources... [  9%] 02_download
reading sources... [ 12%] 03_groundwater
reading sources... [ 15%] 04_geomagnetic
reading sources... [ 18%] 05_seismic
reading sources... [ 21%] 06_gnss
reading sources... [ 24%] 07_case_hualien2024
reading sources... [ 26%] 08_explore_ideas
reading sources... [ 29%] 09_forecasting_intro
reading sources... [ 32%] 10_point_process
reading sources... [ 35%] 11_catalog_completeness_b
reading sources... [ 38%] 12_clustering_laws
reading sources... [ 41%] 13_etas_structure
reading sources... [ 44%] 14_etas_estimation
reading sources... [ 47%] 15_psi_phenomenon
reading sources... [ 50%] 16_eepas_ppe
reading sources... [ 53%] 17_testing_consistency
reading sources... [ 56%] 18_testing_comparison
reading sources... [ 59%] 19_ensembles
reading sources... [ 62%] 20_recurrence_models
reading sources... [ 65%] 21_psha
reading sources... [ 68%] 22_operational_systems
reading sources... [ 71%] 23_taiwan_outlook
reading sources... [ 74%] appendix_a_point_process
reading sources... [ 76%] appendix_b_catalog
reading sources... [ 79%] appendix_c_etas
reading sources... [ 82%] appendix_d_eepas
reading sources... [ 85%] appendix_e_testing
reading sources... [ 88%] appendix_f_hazard
reading sources... [ 91%] appendix_g_observations
reading sources... [ 94%] foundation_catalog
reading sources... [ 97%] foundation_inference
reading sources... [100%] foundation_randomness

looking for now-outdated files... none found
pickling environment... done
checking consistency... done
preparing documents... done
copying assets...
copying static files... Copying the source path /home/phonchi/vizualization/book/_static/teaching.css to /home/phonchi/vizualization/book/_build/html/_static/teaching.css will overwrite data, as a file already exists at the destination path and the content does not match.
done
copying extra files... done
copying assets: done
writing output... [  3%] 00_intro
writing output... [  6%] 01_overview
writing output... [  9%] 02_download
writing output... [ 12%] 03_groundwater
writing output... [ 15%] 04_geomagnetic
writing output... [ 18%] 05_seismic
writing output... [ 21%] 06_gnss
writing output... [ 24%] 07_case_hualien2024
writing output... [ 26%] 08_explore_ideas
writing output... [ 29%] 09_forecasting_intro
writing output... [ 32%] 10_point_process
writing output... [ 35%] 11_catalog_completeness_b
writing output... [ 38%] 12_clustering_laws
writing output... [ 41%] 13_etas_structure
writing output... [ 44%] 14_etas_estimation
writing output... [ 47%] 15_psi_phenomenon
writing output... [ 50%] 16_eepas_ppe
writing output... [ 53%] 17_testing_consistency
writing output... [ 56%] 18_testing_comparison
writing output... [ 59%] 19_ensembles
writing output... [ 62%] 20_recurrence_models
writing output... [ 65%] 21_psha
writing output... [ 68%] 22_operational_systems
writing output... [ 71%] 23_taiwan_outlook
writing output... [ 74%] appendix_a_point_process
writing output... [ 76%] appendix_b_catalog
writing output... [ 79%] appendix_c_etas
writing output... [ 82%] appendix_d_eepas
writing output... [ 85%] appendix_e_testing
writing output... [ 88%] appendix_f_hazard
writing output... [ 91%] appendix_g_observations
writing output... [ 94%] foundation_catalog
writing output... [ 97%] foundation_inference
writing output... [100%] foundation_randomness

generating indices... genindex done
writing additional pages... search done
copying images... [ 50%] _build/jupyter_execute/38e75fcbdacfd1f2dd310e14739077c22f128761cbe674a45f900c5fd82d842d.png
copying images... [100%] _build/jupyter_execute/4e8369ae3c50b67b3634d61705d4ac8e9b5b26ce2cd3fa4dbe9bdfd8286fbaa2.png

dumping search index in English (code: en)... done
dumping object inventory... done
build succeeded.

The HTML pages are in book/_build/html.

===============================================================================

Finished generating HTML for book.
Your book's HTML pages are here:
    book/_build/html/
You can look at your book by opening this file in a browser:
    book/_build/html/index.html
Or paste this line directly into your browser bar:
    file:///home/phonchi/vizualization/book/_build/html/index.html

===============================================================================


===== models/forecast_run.log =====
START 16_eepas_ppe
[IPKernelApp] WARNING | Kernel is running over TCP without encryption. All communication (including code and outputs) is sent in plain text and is susceptible to eavesdropping. Use IPC transport or launch with kernel manager-provisioned CurveZMQ keys to enable transport encryption.
{"page": "16_eepas_ppe", "status": "passed", "seconds": 2.73, "outputs": 8}
START 18_testing_comparison
[IPKernelApp] WARNING | Kernel is running over TCP without encryption. All communication (including code and outputs) is sent in plain text and is susceptible to eavesdropping. Use IPC transport or launch with kernel manager-provisioned CurveZMQ keys to enable transport encryption.
{"page": "18_testing_comparison", "status": "passed", "seconds": 2.62, "outputs": 7}

===== models/layout_run.log =====
START 11_catalog_completeness_b
[IPKernelApp] WARNING | Kernel is running over TCP without encryption. All communication (including code and outputs) is sent in plain text and is susceptible to eavesdropping. Use IPC transport or launch with kernel manager-provisioned CurveZMQ keys to enable transport encryption.
{"page": "11_catalog_completeness_b", "status": "passed", "seconds": 2.82, "outputs": 7}
START 12_clustering_laws
[IPKernelApp] WARNING | Kernel is running over TCP without encryption. All communication (including code and outputs) is sent in plain text and is susceptible to eavesdropping. Use IPC transport or launch with kernel manager-provisioned CurveZMQ keys to enable transport encryption.
{"page": "12_clustering_laws", "status": "passed", "seconds": 3.23, "outputs": 7}

===== models/run.log =====
START 11_catalog_completeness_b
[IPKernelApp] WARNING | Kernel is running over TCP without encryption. All communication (including code and outputs) is sent in plain text and is susceptible to eavesdropping. Use IPC transport or launch with kernel manager-provisioned CurveZMQ keys to enable transport encryption.
{"page": "11_catalog_completeness_b", "status": "passed", "seconds": 3.65, "outputs": 7}
START 12_clustering_laws
[IPKernelApp] WARNING | Kernel is running over TCP without encryption. All communication (including code and outputs) is sent in plain text and is susceptible to eavesdropping. Use IPC transport or launch with kernel manager-provisioned CurveZMQ keys to enable transport encryption.
{"page": "12_clustering_laws", "status": "passed", "seconds": 3.19, "outputs": 7}

===== observations/run.log =====
START 03_groundwater
[IPKernelApp] WARNING | Kernel is running over TCP without encryption. All communication (including code and outputs) is sent in plain text and is susceptible to eavesdropping. Use IPC transport or launch with kernel manager-provisioned CurveZMQ keys to enable transport encryption.
{"page": "03_groundwater", "status": "passed", "seconds": 120.29, "outputs": 11}
START 04_geomagnetic
[IPKernelApp] WARNING | Kernel is running over TCP without encryption. All communication (including code and outputs) is sent in plain text and is susceptible to eavesdropping. Use IPC transport or launch with kernel manager-provisioned CurveZMQ keys to enable transport encryption.
{"page": "04_geomagnetic", "status": "passed", "seconds": 9.72, "outputs": 8}

===== sync.log =====
[
  {
    "page": "01_overview",
    "restored_output_cells": 4,
    "code_changed_vs_build": false,
    "cells_without_cached_output": [
      1
    ]
  },
  {
    "page": "02_download",
    "restored_output_cells": 0,
    "code_changed_vs_build": false,
    "cells_without_cached_output": []
  },
  {
    "page": "03_groundwater",
    "restored_output_cells": 7,
    "code_changed_vs_build": false,
    "cells_without_cached_output": [
      1
    ]
  },
  {
    "page": "04_geomagnetic",
    "restored_output_cells": 7,
    "code_changed_vs_build": false,
    "cells_without_cached_output": [
      1
    ]
  },
  {
    "page": "05_seismic",
    "restored_output_cells": 10,
    "code_changed_vs_build": false,
    "cells_without_cached_output": [
      1
    ]
  },
  {
    "page": "06_gnss",
    "restored_output_cells": 1,
    "code_changed_vs_build": false,
    "cells_without_cached_output": [
      1
    ]
  },
  {
    "page": "07_case_hualien2024",
    "restored_output_cells": 7,
    "code_changed_vs_build": false,
    "cells_without_cached_output": [
      1,
      2
    ]
  },
  {
    "page": "09_forecasting_intro",
    "restored_output_cells": 2,
    "code_changed_vs_build": false,
    "cells_without_cached_output": [
      1
    ]
  },
  {
    "page": "10_point_process",
    "restored_output_cells": 5,
    "code_changed_vs_build": false,
    "cells_without_cached_output": [
      1
    ]
  },
  {
    "page": "11_catalog_completeness_b",
    "restored_output_cells": 6,
    "code_changed_vs_build": false,
    "cells_without_cached_output": [
      1
    ]
  },
  {
    "page": "12_clustering_laws",
    "restored_output_cells": 6,
    "code_changed_vs_build": false,
    "cells_without_cached_output": [
      1
    ]
  },
  {
    "page": "13_etas_structure",
    "restored_output_cells": 6,
    "code_changed_vs_build": false,
    "cells_without_cached_output": [
      1
    ]
  },
  {
    "page": "14_etas_estimation",
    "restored_output_cells": 6,
    "code_changed_vs_build": false,
    "cells_without_cached_output": [
      1
    ]
  },
  {
    "page": "15_psi_phenomenon",
    "restored_output_cells": 6,
    "code_changed_vs_build": false,
    "cells_without_cached_output": [
      1
    ]
  },
  {
    "page": "16_eepas_ppe",
    "restored_output_cells": 7,
    "code_changed_vs_build": false,
    "cells_without_cached_output": [
      1
    ]
  },
  {
    "page": "17_testing_consistency",
    "restored_output_cells": 5,
    "code_changed_vs_build": false,
    "cells_without_cached_output": [
      1
    ]
  },
  {
    "page": "18_testing_comparison",
    "restored_output_cells": 6,
    "code_changed_vs_build": false,
    "cells_without_cached_output": [
      1
    ]
  },
  {
    "page": "19_ensembles",
    "restored_output_cells": 6,
    "code_changed_vs_build": false,
    "cells_without_cached_output": [
      1
    ]
  },
  {
    "page": "20_recurrence_models",
    "restored_output_cells": 5,
    "code_changed_vs_build": false,
    "cells_without_cached_output": [
      1
    ]
  },
  {
    "page": "21_psha",
    "restored_output_cells": 6,
    "code_changed_vs_build": false,
    "cells_without_cached_output": [
      1
    ]
  },
  {
    "page": "22_operational_systems",
    "restored_output_cells": 5,
    "code_changed_vs_build": false,
    "cells_without_cached_output": [
      1
    ]
  },
  {
    "page": "23_taiwan_outlook",
    "restored_output_cells": 5,
    "code_changed_vs_build": false,
    "cells_without_cached_output": [
      1
    ]
  },
  {
    "page": "foundation_catalog",
    "restored_output_cells": 3,
    "code_changed_vs_build": false,
    "cells_without_cached_output": []
  },
  {
    "page": "foundation_inference",
    "restored_output_cells": 2,
    "code_changed_vs_build": false,
    "cells_without_cached_output": []
  },
  {
    "page": "foundation_randomness",
    "restored_output_cells": 2,
    "code_changed_vs_build": false,
    "cells_without_cached_output": []
  }
]
