[
  {
    "page": "01_overview",
    "restored_output_cells": 4,
    "code_changed_vs_build": false,
    "cells_without_cached_output": [
      1
    ]
  },
  {
    "page": "02_download",
    "restored_output_cells": 0,
    "code_changed_vs_build": false,
    "cells_without_cached_output": []
  },
  {
    "page": "03_groundwater",
    "restored_output_cells": 7,
    "code_changed_vs_build": false,
    "cells_without_cached_output": [
      1
    ]
  },
  {
    "page": "04_geomagnetic",
    "restored_output_cells": 7,
    "code_changed_vs_build": false,
    "cells_without_cached_output": [
      1
    ]
  },
  {
    "page": "05_seismic",
    "restored_output_cells": 10,
    "code_changed_vs_build": false,
    "cells_without_cached_output": [
      1
    ]
  },
  {
    "page": "06_gnss",
    "restored_output_cells": 1,
    "code_changed_vs_build": false,
    "cells_without_cached_output": [
      1
    ]
  },
  {
    "page": "07_case_hualien2024",
    "restored_output_cells": 7,
    "code_changed_vs_build": false,
    "cells_without_cached_output": [
      1,
      2
    ]
  },
  {
    "page": "09_forecasting_intro",
    "restored_output_cells": 2,
    "code_changed_vs_build": false,
    "cells_without_cached_output": [
      1
    ]
  },
  {
    "page": "10_point_process",
    "restored_output_cells": 5,
    "code_changed_vs_build": false,
    "cells_without_cached_output": [
      1
    ]
  },
  {
    "page": "11_catalog_completeness_b",
    "restored_output_cells": 6,
    "code_changed_vs_build": false,
    "cells_without_cached_output": [
      1
    ]
  },
  {
    "page": "12_clustering_laws",
    "restored_output_cells": 6,
    "code_changed_vs_build": false,
    "cells_without_cached_output": [
      1
    ]
  },
  {
    "page": "13_etas_structure",
    "restored_output_cells": 6,
    "code_changed_vs_build": false,
    "cells_without_cached_output": [
      1
    ]
  },
  {
    "page": "14_etas_estimation",
    "restored_output_cells": 6,
    "code_changed_vs_build": false,
    "cells_without_cached_output": [
      1
    ]
  },
  {
    "page": "15_psi_phenomenon",
    "restored_output_cells": 6,
    "code_changed_vs_build": false,
    "cells_without_cached_output": [
      1
    ]
  },
  {
    "page": "16_eepas_ppe",
    "restored_output_cells": 7,
    "code_changed_vs_build": false,
    "cells_without_cached_output": [
      1
    ]
  },
  {
    "page": "17_testing_consistency",
    "restored_output_cells": 5,
    "code_changed_vs_build": false,
    "cells_without_cached_output": [
      1
    ]
  },
  {
    "page": "18_testing_comparison",
    "restored_output_cells": 6,
    "code_changed_vs_build": false,
    "cells_without_cached_output": [
      1
    ]
  },
  {
    "page": "19_ensembles",
    "restored_output_cells": 6,
    "code_changed_vs_build": false,
    "cells_without_cached_output": [
      1
    ]
  },
  {
    "page": "20_recurrence_models",
    "restored_output_cells": 5,
    "code_changed_vs_build": false,
    "cells_without_cached_output": [
      1
    ]
  },
  {
    "page": "21_psha",
    "restored_output_cells": 6,
    "code_changed_vs_build": false,
    "cells_without_cached_output": [
      1
    ]
  },
  {
    "page": "22_operational_systems",
    "restored_output_cells": 5,
    "code_changed_vs_build": false,
    "cells_without_cached_output": [
      1
    ]
  },
  {
    "page": "23_taiwan_outlook",
    "restored_output_cells": 5,
    "code_changed_vs_build": false,
    "cells_without_cached_output": [
      1
    ]
  },
  {
    "page": "foundation_catalog",
    "restored_output_cells": 3,
    "code_changed_vs_build": false,
    "cells_without_cached_output": []
  },
  {
    "page": "foundation_inference",
    "restored_output_cells": 2,
    "code_changed_vs_build": false,
    "cells_without_cached_output": []
  },
  {
    "page": "foundation_randomness",
    "restored_output_cells": 2,
    "code_changed_vs_build": false,
    "cells_without_cached_output": []
  }
]
