Execute changed diagram dependencies: ['01_forecast_question', '02_reading_horus', '03_experiment_spec', '04_poisson_and_sup', '06_simulation_tests_scores', '08_completeness', '09_ppe_forecast', '12_etas_structure', '15_eepas_italy_forecast', '16_test_number', '17_test_space_magnitude', '19_ensembles', '20_beyond_forecast']
START 01_forecast_question
/home/phonchi/vizualization/.venv/lib/python3.13/site-packages/IPython/paths.py:59: UserWarning: IPython dir '/home/phonchi/.ipython' is not a writable location, using a temp directory.
  warn("IPython dir '{0}' is not a writable location,"
  cell -1: 0.139s
  cell 1: 0.001s
  cell 3: 0.025s
  cell 4: 0.085s
  cell 5: 0.919s
  cell 7: 0.622s
  cell 9: 0.043s
  cell 11: 0.026s
  cell 13: 0.001s
  cell 15: 0.000s
{"page": "01_forecast_question", "status": "passed", "seconds": 2.25, "outputs": 9, "method": "in-process IPython", "cells": [{"cell": 1, "seconds": 0.0012}, {"cell": 3, "seconds": 0.0245}, {"cell": 4, "seconds": 0.0855}, {"cell": 5, "seconds": 0.9185}, {"cell": 7, "seconds": 0.6219}, {"cell": 9, "seconds": 0.0429}, {"cell": 11, "seconds": 0.0261}, {"cell": 13, "seconds": 0.0006}, {"cell": 15, "seconds": 0.0003}], "source_sha256": "b960d57d6a3775e83f1126b80470c2f96f0f4b881c47c59b04c9eaa86b07dbe3", "toolkit_sha256": {"__init__.py": "4630ec6bd7170bd16542b5ebc6d1375f841ba3c25bf6137de06a98d853a5cb86", "auth.py": "48e919b9f70d6e0c9711f5662ca6bcf9033c20ff0c9c160b0b66a73f1bed1cf3", "catalog.py": "e943bd66cc0c232b658a6a5cc1f01bbf579fdcab374c80e850b4344503ff2f38", "csep_teaching.py": "3ffe7732c177f6c720b0db829670b3f212cc3a1870a39c2ec71971b20c477ded", "download.py": "92224bc12de20b4fcbf00fa514f62ffc3b13a8c49ec592c35f8d80c77aa41335", "italy.py": "fc6f7f474b2204b00af5679d13be34743af6c846277403dfbd9c39942ba95737", "italy_models.py": "3492afc2666d92cd9c8696a1ef4458b52439c8676313832c6c907063767c5c2d", "readers.py": "dd6f832c36a9dd85a96239104d30f978d2aa86ba29f2e79adc226bf5250912ec", "stations.py": "30161e80b718925f038e3ad38773b2f6e4b9347028584f3dd13d219338498f72", "teaching.py": "4dfd50702a5c010a59ccdf6bcf1c4a796e6fdb91cb63c00206b1903bd541445f", "viz.py": "7df11d5c667e9222d7916f0d92042b4c6ef2c71434580395b1d9b4c247fbd398"}}
START 02_reading_horus
  cell -1: 0.000s
  cell 1: 0.000s
  cell 2: 1.450s
  cell 4: 0.006s
  cell 6: 0.001s
  cell 8: 0.001s
  cell 10: 0.048s
  cell 13: 0.034s
  cell 15: 0.003s
  cell 18: 0.000s
  cell 20: 0.024s
  cell 22: 0.004s
  cell 24: 0.087s
  cell 25: 0.041s
  cell 28: 0.001s
{"page": "02_reading_horus", "status": "passed", "seconds": 1.85, "outputs": 13, "method": "in-process IPython", "cells": [{"cell": 1, "seconds": 0.0001}, {"cell": 2, "seconds": 1.4498}, {"cell": 4, "seconds": 0.0055}, {"cell": 6, "seconds": 0.0006}, {"cell": 8, "seconds": 0.0011}, {"cell": 10, "seconds": 0.048}, {"cell": 13, "seconds": 0.0339}, {"cell": 15, "seconds": 0.0026}, {"cell": 18, "seconds": 0.0004}, {"cell": 20, "seconds": 0.0238}, {"cell": 22, "seconds": 0.0044}, {"cell": 24, "seconds": 0.0873}, {"cell": 25, "seconds": 0.041}, {"cell": 28, "seconds": 0.0007}], "source_sha256": "922f238bb5eeb0d75d3f43697bb187fca3b7a766499a155991789eac793e25ee", "toolkit_sha256": {"__init__.py": "4630ec6bd7170bd16542b5ebc6d1375f841ba3c25bf6137de06a98d853a5cb86", "auth.py": "48e919b9f70d6e0c9711f5662ca6bcf9033c20ff0c9c160b0b66a73f1bed1cf3", "catalog.py": "e943bd66cc0c232b658a6a5cc1f01bbf579fdcab374c80e850b4344503ff2f38", "csep_teaching.py": "3ffe7732c177f6c720b0db829670b3f212cc3a1870a39c2ec71971b20c477ded", "download.py": "92224bc12de20b4fcbf00fa514f62ffc3b13a8c49ec592c35f8d80c77aa41335", "italy.py": "fc6f7f474b2204b00af5679d13be34743af6c846277403dfbd9c39942ba95737", "italy_models.py": "3492afc2666d92cd9c8696a1ef4458b52439c8676313832c6c907063767c5c2d", "readers.py": "dd6f832c36a9dd85a96239104d30f978d2aa86ba29f2e79adc226bf5250912ec", "stations.py": "30161e80b718925f038e3ad38773b2f6e4b9347028584f3dd13d219338498f72", "teaching.py": "4dfd50702a5c010a59ccdf6bcf1c4a796e6fdb91cb63c00206b1903bd541445f", "viz.py": "7df11d5c667e9222d7916f0d92042b4c6ef2c71434580395b1d9b4c247fbd398"}}
START 03_experiment_spec
  cell -1: 0.000s
  cell 1: 0.000s
  cell 2: 1.096s
  cell 4: 0.001s
  cell 7: 0.000s
  cell 9: 0.082s
  cell 12: 0.000s
  cell 15: 0.025s
  cell 17: 0.006s
  cell 19: 0.001s
  cell 21: 0.340s
  cell 25: 0.000s
{"page": "03_experiment_spec", "status": "passed", "seconds": 1.7, "outputs": 11, "method": "in-process IPython", "cells": [{"cell": 1, "seconds": 0.0001}, {"cell": 2, "seconds": 1.0959}, {"cell": 4, "seconds": 0.0007}, {"cell": 7, "seconds": 0.0004}, {"cell": 9, "seconds": 0.0815}, {"cell": 12, "seconds": 0.0005}, {"cell": 15, "seconds": 0.0254}, {"cell": 17, "seconds": 0.0059}, {"cell": 19, "seconds": 0.0008}, {"cell": 21, "seconds": 0.3397}, {"cell": 25, "seconds": 0.0005}], "source_sha256": "41c8205dffffa8d5bfa10324ac6bdf59acd7c6c3e18decc2123bb7b25a006c00", "toolkit_sha256": {"__init__.py": "4630ec6bd7170bd16542b5ebc6d1375f841ba3c25bf6137de06a98d853a5cb86", "auth.py": "48e919b9f70d6e0c9711f5662ca6bcf9033c20ff0c9c160b0b66a73f1bed1cf3", "catalog.py": "e943bd66cc0c232b658a6a5cc1f01bbf579fdcab374c80e850b4344503ff2f38", "csep_teaching.py": "3ffe7732c177f6c720b0db829670b3f212cc3a1870a39c2ec71971b20c477ded", "download.py": "92224bc12de20b4fcbf00fa514f62ffc3b13a8c49ec592c35f8d80c77aa41335", "italy.py": "fc6f7f474b2204b00af5679d13be34743af6c846277403dfbd9c39942ba95737", "italy_models.py": "3492afc2666d92cd9c8696a1ef4458b52439c8676313832c6c907063767c5c2d", "readers.py": "dd6f832c36a9dd85a96239104d30f978d2aa86ba29f2e79adc226bf5250912ec", "stations.py": "30161e80b718925f038e3ad38773b2f6e4b9347028584f3dd13d219338498f72", "teaching.py": "4dfd50702a5c010a59ccdf6bcf1c4a796e6fdb91cb63c00206b1903bd541445f", "viz.py": "7df11d5c667e9222d7916f0d92042b4c6ef2c71434580395b1d9b4c247fbd398"}}
START 04_poisson_and_sup
  cell -1: 0.000s
  cell 1: 0.000s
  cell 2: 0.000s
  cell 3: 0.744s
  cell 5: 0.015s
  cell 7: 0.000s
  cell 9: 0.014s
  cell 11: 0.333s
  cell 12: 0.308s
  cell 14: 0.000s
{"page": "04_poisson_and_sup", "status": "passed", "seconds": 1.57, "outputs": 8, "method": "in-process IPython", "cells": [{"cell": 1, "seconds": 0.0001}, {"cell": 2, "seconds": 0.0001}, {"cell": 3, "seconds": 0.7444}, {"cell": 5, "seconds": 0.015}, {"cell": 7, "seconds": 0.0005}, {"cell": 9, "seconds": 0.0144}, {"cell": 11, "seconds": 0.3333}, {"cell": 12, "seconds": 0.3085}, {"cell": 14, "seconds": 0.0004}], "source_sha256": "4b7c182406552fe670b5819797caa199c2f9802397d0075d61321b02f3c29a35", "toolkit_sha256": {"__init__.py": "4630ec6bd7170bd16542b5ebc6d1375f841ba3c25bf6137de06a98d853a5cb86", "auth.py": "48e919b9f70d6e0c9711f5662ca6bcf9033c20ff0c9c160b0b66a73f1bed1cf3", "catalog.py": "e943bd66cc0c232b658a6a5cc1f01bbf579fdcab374c80e850b4344503ff2f38", "csep_teaching.py": "3ffe7732c177f6c720b0db829670b3f212cc3a1870a39c2ec71971b20c477ded", "download.py": "92224bc12de20b4fcbf00fa514f62ffc3b13a8c49ec592c35f8d80c77aa41335", "italy.py": "fc6f7f474b2204b00af5679d13be34743af6c846277403dfbd9c39942ba95737", "italy_models.py": "3492afc2666d92cd9c8696a1ef4458b52439c8676313832c6c907063767c5c2d", "readers.py": "dd6f832c36a9dd85a96239104d30f978d2aa86ba29f2e79adc226bf5250912ec", "stations.py": "30161e80b718925f038e3ad38773b2f6e4b9347028584f3dd13d219338498f72", "teaching.py": "4dfd50702a5c010a59ccdf6bcf1c4a796e6fdb91cb63c00206b1903bd541445f", "viz.py": "7df11d5c667e9222d7916f0d92042b4c6ef2c71434580395b1d9b4c247fbd398"}}
START 06_simulation_tests_scores
  cell -1: 0.000s
  cell 1: 0.000s
  cell 2: 0.000s
  cell 3: 0.764s
  cell 5: 0.000s
  cell 7: 0.003s
  cell 9: 0.016s
  cell 11: 0.000s
{"page": "06_simulation_tests_scores", "status": "passed", "seconds": 0.92, "outputs": 6, "method": "in-process IPython", "cells": [{"cell": 1, "seconds": 0.0001}, {"cell": 2, "seconds": 0.0001}, {"cell": 3, "seconds": 0.7643}, {"cell": 5, "seconds": 0.0005}, {"cell": 7, "seconds": 0.0035}, {"cell": 9, "seconds": 0.0159}, {"cell": 11, "seconds": 0.0004}], "source_sha256": "6a64f31eab61252e9ccddf89296933353ee152c5bff4716ee5a1a1cbdd6f34c6", "toolkit_sha256": {"__init__.py": "4630ec6bd7170bd16542b5ebc6d1375f841ba3c25bf6137de06a98d853a5cb86", "auth.py": "48e919b9f70d6e0c9711f5662ca6bcf9033c20ff0c9c160b0b66a73f1bed1cf3", "catalog.py": "e943bd66cc0c232b658a6a5cc1f01bbf579fdcab374c80e850b4344503ff2f38", "csep_teaching.py": "3ffe7732c177f6c720b0db829670b3f212cc3a1870a39c2ec71971b20c477ded", "download.py": "92224bc12de20b4fcbf00fa514f62ffc3b13a8c49ec592c35f8d80c77aa41335", "italy.py": "fc6f7f474b2204b00af5679d13be34743af6c846277403dfbd9c39942ba95737", "italy_models.py": "3492afc2666d92cd9c8696a1ef4458b52439c8676313832c6c907063767c5c2d", "readers.py": "dd6f832c36a9dd85a96239104d30f978d2aa86ba29f2e79adc226bf5250912ec", "stations.py": "30161e80b718925f038e3ad38773b2f6e4b9347028584f3dd13d219338498f72", "teaching.py": "4dfd50702a5c010a59ccdf6bcf1c4a796e6fdb91cb63c00206b1903bd541445f", "viz.py": "7df11d5c667e9222d7916f0d92042b4c6ef2c71434580395b1d9b4c247fbd398"}}
START 08_completeness
  cell -1: 0.000s
  cell 1: 0.000s
  cell 2: 0.000s
  cell 4: 0.762s
  cell 6: 0.047s
  cell 8: 0.337s
  cell 10: 0.026s
  cell 12: 0.000s
  cell 14: 0.000s
{"page": "08_completeness", "status": "passed", "seconds": 1.33, "outputs": 11, "method": "in-process IPython", "cells": [{"cell": 1, "seconds": 0.0001}, {"cell": 2, "seconds": 0.0001}, {"cell": 4, "seconds": 0.7624}, {"cell": 6, "seconds": 0.0472}, {"cell": 8, "seconds": 0.337}, {"cell": 10, "seconds": 0.0259}, {"cell": 12, "seconds": 0.0005}, {"cell": 14, "seconds": 0.0003}], "source_sha256": "1a7caedf0e50d13d00257123dad47769ece5af7f53021777041698eb5febe7db", "toolkit_sha256": {"__init__.py": "4630ec6bd7170bd16542b5ebc6d1375f841ba3c25bf6137de06a98d853a5cb86", "auth.py": "48e919b9f70d6e0c9711f5662ca6bcf9033c20ff0c9c160b0b66a73f1bed1cf3", "catalog.py": "e943bd66cc0c232b658a6a5cc1f01bbf579fdcab374c80e850b4344503ff2f38", "csep_teaching.py": "3ffe7732c177f6c720b0db829670b3f212cc3a1870a39c2ec71971b20c477ded", "download.py": "92224bc12de20b4fcbf00fa514f62ffc3b13a8c49ec592c35f8d80c77aa41335", "italy.py": "fc6f7f474b2204b00af5679d13be34743af6c846277403dfbd9c39942ba95737", "italy_models.py": "3492afc2666d92cd9c8696a1ef4458b52439c8676313832c6c907063767c5c2d", "readers.py": "dd6f832c36a9dd85a96239104d30f978d2aa86ba29f2e79adc226bf5250912ec", "stations.py": "30161e80b718925f038e3ad38773b2f6e4b9347028584f3dd13d219338498f72", "teaching.py": "4dfd50702a5c010a59ccdf6bcf1c4a796e6fdb91cb63c00206b1903bd541445f", "viz.py": "7df11d5c667e9222d7916f0d92042b4c6ef2c71434580395b1d9b4c247fbd398"}}
START 09_ppe_forecast
  cell -1: 0.000s
  cell 1: 0.000s
  cell 2: 0.000s
  cell 3: 1.052s
  cell 5: 0.020s
  cell 7: 0.015s
  cell 8: 0.001s
  cell 10: 0.325s
  cell 12: 1.507s
  cell 14: 0.322s
  cell 16: 0.000s
{"page": "09_ppe_forecast", "status": "passed", "seconds": 3.37, "outputs": 14, "method": "in-process IPython", "cells": [{"cell": 1, "seconds": 0.0001}, {"cell": 2, "seconds": 0.0001}, {"cell": 3, "seconds": 1.0525}, {"cell": 5, "seconds": 0.0199}, {"cell": 7, "seconds": 0.0153}, {"cell": 8, "seconds": 0.0005}, {"cell": 10, "seconds": 0.3245}, {"cell": 12, "seconds": 1.5066}, {"cell": 14, "seconds": 0.3216}, {"cell": 16, "seconds": 0.0004}], "source_sha256": "9411576b0679609d394f0b09efeaca708e7f15937ab539ec08f600d31ce53ac3", "toolkit_sha256": {"__init__.py": "4630ec6bd7170bd16542b5ebc6d1375f841ba3c25bf6137de06a98d853a5cb86", "auth.py": "48e919b9f70d6e0c9711f5662ca6bcf9033c20ff0c9c160b0b66a73f1bed1cf3", "catalog.py": "e943bd66cc0c232b658a6a5cc1f01bbf579fdcab374c80e850b4344503ff2f38", "csep_teaching.py": "3ffe7732c177f6c720b0db829670b3f212cc3a1870a39c2ec71971b20c477ded", "download.py": "92224bc12de20b4fcbf00fa514f62ffc3b13a8c49ec592c35f8d80c77aa41335", "italy.py": "fc6f7f474b2204b00af5679d13be34743af6c846277403dfbd9c39942ba95737", "italy_models.py": "3492afc2666d92cd9c8696a1ef4458b52439c8676313832c6c907063767c5c2d", "readers.py": "dd6f832c36a9dd85a96239104d30f978d2aa86ba29f2e79adc226bf5250912ec", "stations.py": "30161e80b718925f038e3ad38773b2f6e4b9347028584f3dd13d219338498f72", "teaching.py": "4dfd50702a5c010a59ccdf6bcf1c4a796e6fdb91cb63c00206b1903bd541445f", "viz.py": "7df11d5c667e9222d7916f0d92042b4c6ef2c71434580395b1d9b4c247fbd398"}}
START 12_etas_structure
  cell -1: 0.000s
  cell 1: 0.000s
  cell 2: 0.000s
  cell 4: 0.000s
  cell 6: 0.022s
  cell 8: 0.000s
  cell 10: 0.014s
  cell 14: 1.060s
  cell 16: 0.000s
{"page": "12_etas_structure", "status": "passed", "seconds": 1.23, "outputs": 10, "method": "in-process IPython", "cells": [{"cell": 1, "seconds": 0.0001}, {"cell": 2, "seconds": 0.0001}, {"cell": 4, "seconds": 0.0004}, {"cell": 6, "seconds": 0.0217}, {"cell": 8, "seconds": 0.0004}, {"cell": 10, "seconds": 0.0144}, {"cell": 14, "seconds": 1.0603}, {"cell": 16, "seconds": 0.0004}], "source_sha256": "e5fa235d2f649e1fc2302985a363c7d42352b318aef2692c642c0c944b40a8fc", "toolkit_sha256": {"__init__.py": "4630ec6bd7170bd16542b5ebc6d1375f841ba3c25bf6137de06a98d853a5cb86", "auth.py": "48e919b9f70d6e0c9711f5662ca6bcf9033c20ff0c9c160b0b66a73f1bed1cf3", "catalog.py": "e943bd66cc0c232b658a6a5cc1f01bbf579fdcab374c80e850b4344503ff2f38", "csep_teaching.py": "3ffe7732c177f6c720b0db829670b3f212cc3a1870a39c2ec71971b20c477ded", "download.py": "92224bc12de20b4fcbf00fa514f62ffc3b13a8c49ec592c35f8d80c77aa41335", "italy.py": "fc6f7f474b2204b00af5679d13be34743af6c846277403dfbd9c39942ba95737", "italy_models.py": "3492afc2666d92cd9c8696a1ef4458b52439c8676313832c6c907063767c5c2d", "readers.py": "dd6f832c36a9dd85a96239104d30f978d2aa86ba29f2e79adc226bf5250912ec", "stations.py": "30161e80b718925f038e3ad38773b2f6e4b9347028584f3dd13d219338498f72", "teaching.py": "4dfd50702a5c010a59ccdf6bcf1c4a796e6fdb91cb63c00206b1903bd541445f", "viz.py": "7df11d5c667e9222d7916f0d92042b4c6ef2c71434580395b1d9b4c247fbd398"}}
START 15_eepas_italy_forecast
  cell -1: 0.000s
  cell 1: 0.000s
  cell 2: 0.021s
  cell 4: 0.000s
  cell 6: 1.044s
  cell 7: 0.026s
  cell 9: 0.028s
  cell 11: 0.000s
{"page": "15_eepas_italy_forecast", "status": "passed", "seconds": 1.25, "outputs": 7, "method": "in-process IPython", "cells": [{"cell": 1, "seconds": 0.0001}, {"cell": 2, "seconds": 0.0207}, {"cell": 4, "seconds": 0.0005}, {"cell": 6, "seconds": 1.0436}, {"cell": 7, "seconds": 0.0261}, {"cell": 9, "seconds": 0.0275}, {"cell": 11, "seconds": 0.0004}], "source_sha256": "24d7b16e68e4f9f92bfe93a779225bf7884171f0a1a01e4029f2381a8b90b6f4", "toolkit_sha256": {"__init__.py": "4630ec6bd7170bd16542b5ebc6d1375f841ba3c25bf6137de06a98d853a5cb86", "auth.py": "48e919b9f70d6e0c9711f5662ca6bcf9033c20ff0c9c160b0b66a73f1bed1cf3", "catalog.py": "e943bd66cc0c232b658a6a5cc1f01bbf579fdcab374c80e850b4344503ff2f38", "csep_teaching.py": "3ffe7732c177f6c720b0db829670b3f212cc3a1870a39c2ec71971b20c477ded", "download.py": "92224bc12de20b4fcbf00fa514f62ffc3b13a8c49ec592c35f8d80c77aa41335", "italy.py": "fc6f7f474b2204b00af5679d13be34743af6c846277403dfbd9c39942ba95737", "italy_models.py": "3492afc2666d92cd9c8696a1ef4458b52439c8676313832c6c907063767c5c2d", "readers.py": "dd6f832c36a9dd85a96239104d30f978d2aa86ba29f2e79adc226bf5250912ec", "stations.py": "30161e80b718925f038e3ad38773b2f6e4b9347028584f3dd13d219338498f72", "teaching.py": "4dfd50702a5c010a59ccdf6bcf1c4a796e6fdb91cb63c00206b1903bd541445f", "viz.py": "7df11d5c667e9222d7916f0d92042b4c6ef2c71434580395b1d9b4c247fbd398"}}
START 16_test_number
  cell -1: 0.000s
  cell 1: 0.000s
  cell 2: 0.718s
  cell 4: 0.015s
  cell 6: 0.002s
  cell 8: 0.000s
  cell 10: 0.016s
  cell 11: 0.001s
  cell 14: 0.015s
  cell 19: 0.001s
{"page": "16_test_number", "status": "passed", "seconds": 0.9, "outputs": 11, "method": "in-process IPython", "cells": [{"cell": 1, "seconds": 0.0001}, {"cell": 2, "seconds": 0.7184}, {"cell": 4, "seconds": 0.0145}, {"cell": 6, "seconds": 0.0016}, {"cell": 8, "seconds": 0.0003}, {"cell": 10, "seconds": 0.0164}, {"cell": 11, "seconds": 0.0013}, {"cell": 14, "seconds": 0.0155}, {"cell": 19, "seconds": 0.0005}], "source_sha256": "7207fa6ce803f43bcd9945ac45e62f0cd047df4cf2d14dcd9f4c51b0618f072a", "toolkit_sha256": {"__init__.py": "4630ec6bd7170bd16542b5ebc6d1375f841ba3c25bf6137de06a98d853a5cb86", "auth.py": "48e919b9f70d6e0c9711f5662ca6bcf9033c20ff0c9c160b0b66a73f1bed1cf3", "catalog.py": "e943bd66cc0c232b658a6a5cc1f01bbf579fdcab374c80e850b4344503ff2f38", "csep_teaching.py": "3ffe7732c177f6c720b0db829670b3f212cc3a1870a39c2ec71971b20c477ded", "download.py": "92224bc12de20b4fcbf00fa514f62ffc3b13a8c49ec592c35f8d80c77aa41335", "italy.py": "fc6f7f474b2204b00af5679d13be34743af6c846277403dfbd9c39942ba95737", "italy_models.py": "3492afc2666d92cd9c8696a1ef4458b52439c8676313832c6c907063767c5c2d", "readers.py": "dd6f832c36a9dd85a96239104d30f978d2aa86ba29f2e79adc226bf5250912ec", "stations.py": "30161e80b718925f038e3ad38773b2f6e4b9347028584f3dd13d219338498f72", "teaching.py": "4dfd50702a5c010a59ccdf6bcf1c4a796e6fdb91cb63c00206b1903bd541445f", "viz.py": "7df11d5c667e9222d7916f0d92042b4c6ef2c71434580395b1d9b4c247fbd398"}}
START 17_test_space_magnitude
  cell -1: 0.000s
  cell 1: 0.000s
  cell 2: 0.739s
  cell 4: 0.001s
  cell 6: 0.000s
  cell 8: 0.066s
  cell 10: 0.061s
  cell 13: 0.084s
  cell 15: 0.051s
  cell 17: 0.000s
{"page": "17_test_space_magnitude", "status": "passed", "seconds": 1.13, "outputs": 12, "method": "in-process IPython", "cells": [{"cell": 1, "seconds": 0.0001}, {"cell": 2, "seconds": 0.7387}, {"cell": 4, "seconds": 0.0011}, {"cell": 6, "seconds": 0.0004}, {"cell": 8, "seconds": 0.0659}, {"cell": 10, "seconds": 0.0614}, {"cell": 13, "seconds": 0.0841}, {"cell": 15, "seconds": 0.0507}, {"cell": 17, "seconds": 0.0003}], "source_sha256": "0b5c63623f3b510948b775173bf0cb776c964b925e532921eeb2e7318f598eba", "toolkit_sha256": {"__init__.py": "4630ec6bd7170bd16542b5ebc6d1375f841ba3c25bf6137de06a98d853a5cb86", "auth.py": "48e919b9f70d6e0c9711f5662ca6bcf9033c20ff0c9c160b0b66a73f1bed1cf3", "catalog.py": "e943bd66cc0c232b658a6a5cc1f01bbf579fdcab374c80e850b4344503ff2f38", "csep_teaching.py": "3ffe7732c177f6c720b0db829670b3f212cc3a1870a39c2ec71971b20c477ded", "download.py": "92224bc12de20b4fcbf00fa514f62ffc3b13a8c49ec592c35f8d80c77aa41335", "italy.py": "fc6f7f474b2204b00af5679d13be34743af6c846277403dfbd9c39942ba95737", "italy_models.py": "3492afc2666d92cd9c8696a1ef4458b52439c8676313832c6c907063767c5c2d", "readers.py": "dd6f832c36a9dd85a96239104d30f978d2aa86ba29f2e79adc226bf5250912ec", "stations.py": "30161e80b718925f038e3ad38773b2f6e4b9347028584f3dd13d219338498f72", "teaching.py": "4dfd50702a5c010a59ccdf6bcf1c4a796e6fdb91cb63c00206b1903bd541445f", "viz.py": "7df11d5c667e9222d7916f0d92042b4c6ef2c71434580395b1d9b4c247fbd398"}}
START 19_ensembles
  cell -1: 0.000s
  cell 1: 0.000s
  cell 2: 0.738s
  cell 4: 0.000s
  cell 6: 0.018s
  cell 9: 0.367s
  cell 11: 0.005s
  cell 12: 0.307s
  cell 14: 0.000s
{"page": "19_ensembles", "status": "passed", "seconds": 1.56, "outputs": 10, "method": "in-process IPython", "cells": [{"cell": 1, "seconds": 0.0001}, {"cell": 2, "seconds": 0.7377}, {"cell": 4, "seconds": 0.0005}, {"cell": 6, "seconds": 0.0179}, {"cell": 9, "seconds": 0.3669}, {"cell": 11, "seconds": 0.0045}, {"cell": 12, "seconds": 0.3069}, {"cell": 14, "seconds": 0.0004}], "source_sha256": "8750ec9394cf4f29c9a9b372eced12c09ca54027855d5ac80a665c1a2b0ffef0", "toolkit_sha256": {"__init__.py": "4630ec6bd7170bd16542b5ebc6d1375f841ba3c25bf6137de06a98d853a5cb86", "auth.py": "48e919b9f70d6e0c9711f5662ca6bcf9033c20ff0c9c160b0b66a73f1bed1cf3", "catalog.py": "e943bd66cc0c232b658a6a5cc1f01bbf579fdcab374c80e850b4344503ff2f38", "csep_teaching.py": "3ffe7732c177f6c720b0db829670b3f212cc3a1870a39c2ec71971b20c477ded", "download.py": "92224bc12de20b4fcbf00fa514f62ffc3b13a8c49ec592c35f8d80c77aa41335", "italy.py": "fc6f7f474b2204b00af5679d13be34743af6c846277403dfbd9c39942ba95737", "italy_models.py": "3492afc2666d92cd9c8696a1ef4458b52439c8676313832c6c907063767c5c2d", "readers.py": "dd6f832c36a9dd85a96239104d30f978d2aa86ba29f2e79adc226bf5250912ec", "stations.py": "30161e80b718925f038e3ad38773b2f6e4b9347028584f3dd13d219338498f72", "teaching.py": "4dfd50702a5c010a59ccdf6bcf1c4a796e6fdb91cb63c00206b1903bd541445f", "viz.py": "7df11d5c667e9222d7916f0d92042b4c6ef2c71434580395b1d9b4c247fbd398"}}
START 20_beyond_forecast
  cell -1: 0.000s
  cell 1: 0.000s
  cell 2: 0.000s
  cell 4: 0.000s
  cell 7: 0.015s
  cell 9: 0.021s
  cell 11: 0.001s
  cell 13: 0.000s
{"page": "20_beyond_forecast", "status": "passed", "seconds": 0.16, "outputs": 9, "method": "in-process IPython", "cells": [{"cell": 1, "seconds": 0.0001}, {"cell": 2, "seconds": 0.0001}, {"cell": 4, "seconds": 0.0003}, {"cell": 7, "seconds": 0.0153}, {"cell": 9, "seconds": 0.0208}, {"cell": 11, "seconds": 0.0014}, {"cell": 13, "seconds": 0.0003}], "source_sha256": "ff9cdaad95eded3d51a6f44cdbe9cabe322d21c698af015cec09174a3b8b2091", "toolkit_sha256": {"__init__.py": "4630ec6bd7170bd16542b5ebc6d1375f841ba3c25bf6137de06a98d853a5cb86", "auth.py": "48e919b9f70d6e0c9711f5662ca6bcf9033c20ff0c9c160b0b66a73f1bed1cf3", "catalog.py": "e943bd66cc0c232b658a6a5cc1f01bbf579fdcab374c80e850b4344503ff2f38", "csep_teaching.py": "3ffe7732c177f6c720b0db829670b3f212cc3a1870a39c2ec71971b20c477ded", "download.py": "92224bc12de20b4fcbf00fa514f62ffc3b13a8c49ec592c35f8d80c77aa41335", "italy.py": "fc6f7f474b2204b00af5679d13be34743af6c846277403dfbd9c39942ba95737", "italy_models.py": "3492afc2666d92cd9c8696a1ef4458b52439c8676313832c6c907063767c5c2d", "readers.py": "dd6f832c36a9dd85a96239104d30f978d2aa86ba29f2e79adc226bf5250912ec", "stations.py": "30161e80b718925f038e3ad38773b2f6e4b9347028584f3dd13d219338498f72", "teaching.py": "4dfd50702a5c010a59ccdf6bcf1c4a796e6fdb91cb63c00206b1903bd541445f", "viz.py": "7df11d5c667e9222d7916f0d92042b4c6ef2c71434580395b1d9b4c247fbd398"}}
