Running as unit: run-r3f27b3bf18684ceaa6148c5997075837.scope; invocation ID: 66ea0632cbd44f3393d23c82d32e5ee0
{"diagram": "d01_forecast_pipeline", "page": "01_forecast_question", "theme": "light", "touch": true, "keyboard": true, "hover_media_supported": false, "reduced_motion": true, "options": 5, "html_sha256": "bc5361c81d1ae8762d70cb18bb243fe544a839bc1025c7cb1c78c90c6e85acd6"}
{"diagram": "d02_regions_s_r", "page": "02_reading_horus", "theme": "light", "touch": true, "keyboard": true, "hover_media_supported": false, "reduced_motion": true, "options": 3, "html_sha256": "0e18b7d988e49dc997b96c652cccc96d5fef229198ae333d1edba4262ce7cbab"}
{"diagram": "d03_timeline_windows", "page": "03_experiment_spec", "theme": "light", "touch": true, "keyboard": true, "hover_media_supported": false, "reduced_motion": true, "options": 3, "html_sha256": "1d28fed4f05d2beeb82b676a0a11ebff88906adf68c10a952b56e12d3f1d7c02"}
{"diagram": "d03_thresholds", "page": "03_experiment_spec", "theme": "light", "touch": true, "keyboard": true, "hover_media_supported": false, "reduced_motion": true, "options": 4, "html_sha256": "1d28fed4f05d2beeb82b676a0a11ebff88906adf68c10a952b56e12d3f1d7c02"}
{"diagram": "d04_density_to_counts", "page": "04_poisson_and_sup", "theme": "light", "touch": true, "keyboard": true, "hover_media_supported": false, "reduced_motion": true, "options": 4, "html_sha256": "8fcee8d2ec44571be3cf38a8fc9217c4e1ae13e21b2e797d7717fead325b860f"}
{"diagram": "d06_quantile_pvalue", "page": "06_simulation_tests_scores", "theme": "light", "touch": true, "keyboard": true, "hover_media_supported": false, "reduced_motion": true, "options": 4, "html_sha256": "94fe65965f0c1bf6cb2f9467e69dcb2ca9c206b665ec59b12dd75c31b6798f7a"}
{"diagram": "d09_kernel_smoothing", "page": "09_ppe_forecast", "theme": "light", "touch": true, "keyboard": true, "hover_media_supported": false, "reduced_motion": true, "options": 3, "html_sha256": "deeb09a6ce594dc1e136a3f62245a3fa64397ee41c4ad67638c3c580bd24c861"}
{"diagram": "d12_etas_branching", "page": "12_etas_structure", "theme": "light", "touch": true, "keyboard": true, "hover_media_supported": false, "reduced_motion": true, "options": 3, "html_sha256": "3772ab177c981932d37d5c8ea907eb1034d1f31d8573c4e00058b0f80798ad92"}
{"diagram": "d15_eepas_kernels", "page": "15_eepas_italy_forecast", "theme": "light", "touch": true, "keyboard": true, "hover_media_supported": false, "reduced_motion": true, "options": 3, "html_sha256": "b5baec18c0776c8c0856eb23d3d091f1837bef0e721184815415497556c2dfa2"}
{"diagram": "d16_csep_tests_flow", "page": "16_test_number", "theme": "light", "touch": true, "keyboard": true, "hover_media_supported": false, "reduced_motion": true, "options": 5, "html_sha256": "65385ca378f9ec9c5fc1723fcbbb7dc4a8242bea85777ba09f09be66c88fde31"}
{"diagram": "d19_convex_mix", "page": "19_ensembles", "theme": "light", "touch": true, "keyboard": true, "hover_media_supported": false, "reduced_motion": true, "options": 3, "html_sha256": "cca417f834f6aa1ad1b14349bc07be48046900a2cb7e4add6b7a4c384a2b1941"}
{"diagram": "d20_model_family", "page": "20_beyond_forecast", "theme": "light", "touch": true, "keyboard": true, "hover_media_supported": false, "reduced_motion": true, "options": 4, "html_sha256": "a6167f21861fdad15ea671387f73c9e6b21a79ca4f7f33aaae657fd02d4972e7"}
{"diagram": "d01_forecast_pipeline", "page": "01_forecast_question", "theme": "dark", "touch": true, "keyboard": true, "hover_media_supported": false, "reduced_motion": true, "options": 5, "html_sha256": "bc5361c81d1ae8762d70cb18bb243fe544a839bc1025c7cb1c78c90c6e85acd6"}
{"diagram": "d02_regions_s_r", "page": "02_reading_horus", "theme": "dark", "touch": true, "keyboard": true, "hover_media_supported": false, "reduced_motion": true, "options": 3, "html_sha256": "0e18b7d988e49dc997b96c652cccc96d5fef229198ae333d1edba4262ce7cbab"}
{"diagram": "d03_timeline_windows", "page": "03_experiment_spec", "theme": "dark", "touch": true, "keyboard": true, "hover_media_supported": false, "reduced_motion": true, "options": 3, "html_sha256": "1d28fed4f05d2beeb82b676a0a11ebff88906adf68c10a952b56e12d3f1d7c02"}
{"diagram": "d03_thresholds", "page": "03_experiment_spec", "theme": "dark", "touch": true, "keyboard": true, "hover_media_supported": false, "reduced_motion": true, "options": 4, "html_sha256": "1d28fed4f05d2beeb82b676a0a11ebff88906adf68c10a952b56e12d3f1d7c02"}
{"diagram": "d04_density_to_counts", "page": "04_poisson_and_sup", "theme": "dark", "touch": true, "keyboard": true, "hover_media_supported": false, "reduced_motion": true, "options": 4, "html_sha256": "8fcee8d2ec44571be3cf38a8fc9217c4e1ae13e21b2e797d7717fead325b860f"}
{"diagram": "d06_quantile_pvalue", "page": "06_simulation_tests_scores", "theme": "dark", "touch": true, "keyboard": true, "hover_media_supported": false, "reduced_motion": true, "options": 4, "html_sha256": "94fe65965f0c1bf6cb2f9467e69dcb2ca9c206b665ec59b12dd75c31b6798f7a"}
{"diagram": "d09_kernel_smoothing", "page": "09_ppe_forecast", "theme": "dark", "touch": true, "keyboard": true, "hover_media_supported": false, "reduced_motion": true, "options": 3, "html_sha256": "deeb09a6ce594dc1e136a3f62245a3fa64397ee41c4ad67638c3c580bd24c861"}
{"diagram": "d12_etas_branching", "page": "12_etas_structure", "theme": "dark", "touch": true, "keyboard": true, "hover_media_supported": false, "reduced_motion": true, "options": 3, "html_sha256": "3772ab177c981932d37d5c8ea907eb1034d1f31d8573c4e00058b0f80798ad92"}
{"diagram": "d15_eepas_kernels", "page": "15_eepas_italy_forecast", "theme": "dark", "touch": true, "keyboard": true, "hover_media_supported": false, "reduced_motion": true, "options": 3, "html_sha256": "b5baec18c0776c8c0856eb23d3d091f1837bef0e721184815415497556c2dfa2"}
{"diagram": "d16_csep_tests_flow", "page": "16_test_number", "theme": "dark", "touch": true, "keyboard": true, "hover_media_supported": false, "reduced_motion": true, "options": 5, "html_sha256": "65385ca378f9ec9c5fc1723fcbbb7dc4a8242bea85777ba09f09be66c88fde31"}
{"diagram": "d19_convex_mix", "page": "19_ensembles", "theme": "dark", "touch": true, "keyboard": true, "hover_media_supported": false, "reduced_motion": true, "options": 3, "html_sha256": "cca417f834f6aa1ad1b14349bc07be48046900a2cb7e4add6b7a4c384a2b1941"}
{"diagram": "d20_model_family", "page": "20_beyond_forecast", "theme": "dark", "touch": true, "keyboard": true, "hover_media_supported": false, "reduced_motion": true, "options": 4, "html_sha256": "a6167f21861fdad15ea671387f73c9e6b21a79ca4f7f33aaae657fd02d4972e7"}
PASSED 24 diagram/theme combinations and actual theme button
