START 03_groundwater
[IPKernelApp] WARNING | Kernel is running over TCP without encryption. All communication (including code and outputs) is sent in plain text and is susceptible to eavesdropping. Use IPC transport or launch with kernel manager-provisioned CurveZMQ keys to enable transport encryption.
{"page": "03_groundwater", "status": "passed", "seconds": 122.38, "outputs": 11}
START 05_seismic
[IPKernelApp] WARNING | Kernel is running over TCP without encryption. All communication (including code and outputs) is sent in plain text and is susceptible to eavesdropping. Use IPC transport or launch with kernel manager-provisioned CurveZMQ keys to enable transport encryption.
{"page": "05_seismic", "status": "passed", "seconds": 10.23, "outputs": 12}
START 07_case_hualien2024
[IPKernelApp] WARNING | Kernel is running over TCP without encryption. All communication (including code and outputs) is sent in plain text and is susceptible to eavesdropping. Use IPC transport or launch with kernel manager-provisioned CurveZMQ keys to enable transport encryption.
{"page": "07_case_hualien2024", "status": "passed", "seconds": 31.2, "outputs": 12}
START 09_forecasting_intro
[IPKernelApp] WARNING | Kernel is running over TCP without encryption. All communication (including code and outputs) is sent in plain text and is susceptible to eavesdropping. Use IPC transport or launch with kernel manager-provisioned CurveZMQ keys to enable transport encryption.
{"page": "09_forecasting_intro", "status": "passed", "seconds": 2.25, "outputs": 3}
START 10_point_process
[IPKernelApp] WARNING | Kernel is running over TCP without encryption. All communication (including code and outputs) is sent in plain text and is susceptible to eavesdropping. Use IPC transport or launch with kernel manager-provisioned CurveZMQ keys to enable transport encryption.
{"page": "10_point_process", "status": "passed", "seconds": 2.19, "outputs": 6}
START 11_catalog_completeness_b
[IPKernelApp] WARNING | Kernel is running over TCP without encryption. All communication (including code and outputs) is sent in plain text and is susceptible to eavesdropping. Use IPC transport or launch with kernel manager-provisioned CurveZMQ keys to enable transport encryption.
{"page": "11_catalog_completeness_b", "status": "passed", "seconds": 2.86, "outputs": 7}
START 12_clustering_laws
[IPKernelApp] WARNING | Kernel is running over TCP without encryption. All communication (including code and outputs) is sent in plain text and is susceptible to eavesdropping. Use IPC transport or launch with kernel manager-provisioned CurveZMQ keys to enable transport encryption.
{"page": "12_clustering_laws", "status": "passed", "seconds": 3.23, "outputs": 7}
START 15_psi_phenomenon
[IPKernelApp] WARNING | Kernel is running over TCP without encryption. All communication (including code and outputs) is sent in plain text and is susceptible to eavesdropping. Use IPC transport or launch with kernel manager-provisioned CurveZMQ keys to enable transport encryption.
{"page": "15_psi_phenomenon", "status": "passed", "seconds": 2.08, "outputs": 7}
START 18_testing_comparison
[IPKernelApp] WARNING | Kernel is running over TCP without encryption. All communication (including code and outputs) is sent in plain text and is susceptible to eavesdropping. Use IPC transport or launch with kernel manager-provisioned CurveZMQ keys to enable transport encryption.
{"page": "18_testing_comparison", "status": "passed", "seconds": 2.71, "outputs": 7}
START 21_psha
[IPKernelApp] WARNING | Kernel is running over TCP without encryption. All communication (including code and outputs) is sent in plain text and is susceptible to eavesdropping. Use IPC transport or launch with kernel manager-provisioned CurveZMQ keys to enable transport encryption.
{"page": "21_psha", "status": "passed", "seconds": 2.42, "outputs": 7}
START 22_operational_systems
[IPKernelApp] WARNING | Kernel is running over TCP without encryption. All communication (including code and outputs) is sent in plain text and is susceptible to eavesdropping. Use IPC transport or launch with kernel manager-provisioned CurveZMQ keys to enable transport encryption.
{"page": "22_operational_systems", "status": "passed", "seconds": 2.36, "outputs": 6}
START 23_taiwan_outlook
[IPKernelApp] WARNING | Kernel is running over TCP without encryption. All communication (including code and outputs) is sent in plain text and is susceptible to eavesdropping. Use IPC transport or launch with kernel manager-provisioned CurveZMQ keys to enable transport encryption.
{"page": "23_taiwan_outlook", "status": "passed", "seconds": 2.16, "outputs": 6}
