[
  {
    "name": "n=2 finite-window compensator",
    "actual": 0.7666666666666666,
    "expected": 0.7666666666666666,
    "tolerance": 1e-08,
    "passed": true
  },
  {
    "name": "finite-window log likelihood",
    "actual": -3.069251759660712,
    "expected": -3.069251759660712,
    "tolerance": 1e-08,
    "passed": true
  },
  {
    "name": "finite Omori integral p=0.8",
    "actual": 4.3320149258858756,
    "expected": 4.3320149258858756,
    "tolerance": 1e-08,
    "passed": true
  },
  {
    "name": "finite Omori integral p=1.0",
    "actual": 3.9318256327243253,
    "expected": 3.9318256327243257,
    "tolerance": 1e-08,
    "passed": true
  },
  {
    "name": "finite Omori integral p=1.2",
    "actual": 3.7563314880532,
    "expected": 3.7563314880532,
    "tolerance": 1e-08,
    "passed": true
  },
  {
    "name": "spatial kernel normalization",
    "actual": 1.0000000000000153,
    "expected": 1.0,
    "tolerance": 1e-08,
    "passed": true
  },
  {
    "name": "discrete magnitude MLE score per event",
    "actual": 0.0,
    "expected": 0.0,
    "tolerance": 1e-08,
    "passed": true
  },
  {
    "name": "asymmetric magnitude interval brackets estimate",
    "passed": true,
    "lower": 0.9920282299975384,
    "estimate": 1.0914446942506806,
    "upper": 1.2131505793966226
  },
  {
    "name": "posterior predictive total variance",
    "actual": 17.299857224816,
    "expected": 17.346938775510203,
    "tolerance": 0.15,
    "passed": true
  },
  {
    "name": "concave mixture maximum may be on boundary",
    "actual": 1.0,
    "expected": 1.0,
    "tolerance": 1e-08,
    "passed": true
  },
  {
    "name": "regular shared illustrative catalog provenance",
    "passed": true,
    "events": 80
  },
  {
    "name": "poisson shared illustrative catalog provenance",
    "passed": true,
    "events": 80
  },
  {
    "name": "cluster shared illustrative catalog provenance",
    "passed": true,
    "events": 80
  }
]
