Running as unit: run-rebb3e6c088b24de8961509819f116b58.scope; invocation ID: 79745812f37c466e89e47d2ce8a5069d
Traceback (most recent call last):
  File "/tmp/recapture.py", line 18, in <module>
    page.screenshot(path=str(out/f'{device}-{name}.png'),clip=clip);seen.add((device,name));checks.append({'device':device,'name':name,'skip_link_hidden_without_focus':True,'capture':'document clip below fixed navigation'})
    ~~~~~~~~~~~~~~~^^^^^^^^^^^^^^^^^^^^^^^^^^^^^^^^^^^^^^^^^^^^^^^^
  File "/home/phonchi/miniconda3/lib/python3.13/site-packages/playwright/sync_api/_generated.py", line 10596, in screenshot
    self._sync(
    ~~~~~~~~~~^
        self._impl_obj.screenshot(
        ^^^^^^^^^^^^^^^^^^^^^^^^^^
    ...<13 lines>...
        )
        ^
    )
    ^
  File "/home/phonchi/miniconda3/lib/python3.13/site-packages/playwright/_impl/_sync_base.py", line 115, in _sync
    return task.result()
           ~~~~~~~~~~~^^
  File "/home/phonchi/miniconda3/lib/python3.13/site-packages/playwright/_impl/_page.py", line 825, in screenshot
    encoded_binary = await self._channel.send(
                     ^^^^^^^^^^^^^^^^^^^^^^^^^
        "screenshot", self._timeout_settings.timeout, params
        ^^^^^^^^^^^^^^^^^^^^^^^^^^^^^^^^^^^^^^^^^^^^^^^^^^^^
    )
    ^
  File "/home/phonchi/miniconda3/lib/python3.13/site-packages/playwright/_impl/_connection.py", line 69, in send
    return await self._connection.wrap_api_call(
           ^^^^^^^^^^^^^^^^^^^^^^^^^^^^^^^^^^^^^
    ...<3 lines>...
    )
    ^
  File "/home/phonchi/miniconda3/lib/python3.13/site-packages/playwright/_impl/_connection.py", line 559, in wrap_api_call
    raise rewrite_error(error, f"{parsed_st['apiName']}: {error}") from None
playwright._impl._errors.Error: Page.screenshot: Clipped area is either empty or outside the resulting image
Call log:
  - taking page screenshot
  - waiting for fonts to load...
  - fonts loaded

