START 03_groundwater
/home/phonchi/vizualization/.venv/lib/python3.13/site-packages/IPython/paths.py:59: UserWarning: IPython dir '/home/phonchi/.ipython' is not a writable location, using a temp directory.
  warn("IPython dir '{0}' is not a writable location,"
  cell -1: 0.131s
  cell 1: 0.023s
  cell 2: 0.049s
  cell 4: 42.863s
Cell 4 exceeded 30 seconds: 42.86
{"page": "03_groundwater", "status": "failed", "seconds": 43.26, "error": "Cell 4 exceeded 30 seconds: 42.86"}
START 05_seismic
  cell -1: 0.000s
  cell 1: 0.000s
  cell 2: 0.076s
  cell 4: 1.898s
  cell 6: 0.372s
Unexpected stderr in cell 8; see /home/phonchi/vizualization/reference/notes/reader_review_20260914/execution/05_seismic_diagnostics.log
{"page": "05_seismic", "status": "failed", "seconds": 6.15, "error": "Unexpected stderr in cell 8; see /home/phonchi/vizualization/reference/notes/reader_review_20260914/execution/05_seismic_diagnostics.log"}
START 06_gnss
  cell -1: 0.000s
  cell 1: 0.000s
  cell 2: 0.024s
  cell 4: 0.052s
  cell 6: 0.065s
  cell 8: 0.005s
{"page": "06_gnss", "status": "passed", "seconds": 0.25, "outputs": 5, "method": "in-process IPython", "cells": [{"cell": 1, "seconds": 0.0001}, {"cell": 2, "seconds": 0.0243}, {"cell": 4, "seconds": 0.0523}, {"cell": 6, "seconds": 0.0651}, {"cell": 8, "seconds": 0.005}], "source_sha256": "4600b38b74933d1fc58c73759948abea2fe09e8b064851a5f18e57885dd52717", "toolkit_sha256": {"__init__.py": "4630ec6bd7170bd16542b5ebc6d1375f841ba3c25bf6137de06a98d853a5cb86", "auth.py": "48e919b9f70d6e0c9711f5662ca6bcf9033c20ff0c9c160b0b66a73f1bed1cf3", "catalog.py": "e943bd66cc0c232b658a6a5cc1f01bbf579fdcab374c80e850b4344503ff2f38", "csep_teaching.py": "3ffe7732c177f6c720b0db829670b3f212cc3a1870a39c2ec71971b20c477ded", "download.py": "92224bc12de20b4fcbf00fa514f62ffc3b13a8c49ec592c35f8d80c77aa41335", "italy.py": "fc6f7f474b2204b00af5679d13be34743af6c846277403dfbd9c39942ba95737", "italy_models.py": "549c490c4406d21f91cb6f488709c648572cb59a75589e03361cdd745d36fcec", "readers.py": "dd6f832c36a9dd85a96239104d30f978d2aa86ba29f2e79adc226bf5250912ec", "stations.py": "30161e80b718925f038e3ad38773b2f6e4b9347028584f3dd13d219338498f72", "teaching.py": "4dfd50702a5c010a59ccdf6bcf1c4a796e6fdb91cb63c00206b1903bd541445f", "viz.py": "24e45158e7c3072cf6a0ddd0403ca8ea4bbd667caae14f669dfe1b96f8fc1c42"}}
START 07_case_hualien2024
  cell -1: 0.000s
  cell 1: 0.000s
  cell 2: 0.000s
  cell 4: 0.049s
  cell 6: 1.009s
  cell 8: 9.906s
  cell 10: 3.215s
  cell 12: 13.096s
  cell 14: 1.488s
  cell 16: 0.391s
{"page": "07_case_hualien2024", "status": "passed", "seconds": 29.34, "outputs": 9, "method": "in-process IPython", "cells": [{"cell": 1, "seconds": 0.0001}, {"cell": 2, "seconds": 0.0002}, {"cell": 4, "seconds": 0.0486}, {"cell": 6, "seconds": 1.0088}, {"cell": 8, "seconds": 9.9057}, {"cell": 10, "seconds": 3.2147}, {"cell": 12, "seconds": 13.0962}, {"cell": 14, "seconds": 1.4877}, {"cell": 16, "seconds": 0.3913}], "source_sha256": "bb2c8020a1b3d15060231d76d30612006375fdf1cfe625d4e319e499303b44be", "toolkit_sha256": {"__init__.py": "4630ec6bd7170bd16542b5ebc6d1375f841ba3c25bf6137de06a98d853a5cb86", "auth.py": "48e919b9f70d6e0c9711f5662ca6bcf9033c20ff0c9c160b0b66a73f1bed1cf3", "catalog.py": "e943bd66cc0c232b658a6a5cc1f01bbf579fdcab374c80e850b4344503ff2f38", "csep_teaching.py": "3ffe7732c177f6c720b0db829670b3f212cc3a1870a39c2ec71971b20c477ded", "download.py": "92224bc12de20b4fcbf00fa514f62ffc3b13a8c49ec592c35f8d80c77aa41335", "italy.py": "fc6f7f474b2204b00af5679d13be34743af6c846277403dfbd9c39942ba95737", "italy_models.py": "549c490c4406d21f91cb6f488709c648572cb59a75589e03361cdd745d36fcec", "readers.py": "dd6f832c36a9dd85a96239104d30f978d2aa86ba29f2e79adc226bf5250912ec", "stations.py": "30161e80b718925f038e3ad38773b2f6e4b9347028584f3dd13d219338498f72", "teaching.py": "4dfd50702a5c010a59ccdf6bcf1c4a796e6fdb91cb63c00206b1903bd541445f", "viz.py": "24e45158e7c3072cf6a0ddd0403ca8ea4bbd667caae14f669dfe1b96f8fc1c42"}}
START 23_taiwan_outlook
  cell -1: 0.000s
  cell 1: 0.000s
  cell 2: 0.294s
  cell 5: 0.039s
  cell 8: 0.032s
  cell 10: 0.014s
  cell 12: 0.026s
  cell 14: 0.020s
  cell 16: 0.001s
  cell 18: 0.020s
  cell 21: 0.036s
  cell 24: 0.015s
{"page": "23_taiwan_outlook", "status": "passed", "seconds": 0.64, "outputs": 11, "method": "in-process IPython", "cells": [{"cell": 1, "seconds": 0.0001}, {"cell": 2, "seconds": 0.2943}, {"cell": 5, "seconds": 0.0394}, {"cell": 8, "seconds": 0.0319}, {"cell": 10, "seconds": 0.0144}, {"cell": 12, "seconds": 0.0258}, {"cell": 14, "seconds": 0.0195}, {"cell": 16, "seconds": 0.001}, {"cell": 18, "seconds": 0.0197}, {"cell": 21, "seconds": 0.0361}, {"cell": 24, "seconds": 0.0152}], "source_sha256": "76b63580ac6c5cadde40924cf84e924ab08a56ccb060112e3fe722a407115251", "toolkit_sha256": {"__init__.py": "4630ec6bd7170bd16542b5ebc6d1375f841ba3c25bf6137de06a98d853a5cb86", "auth.py": "48e919b9f70d6e0c9711f5662ca6bcf9033c20ff0c9c160b0b66a73f1bed1cf3", "catalog.py": "e943bd66cc0c232b658a6a5cc1f01bbf579fdcab374c80e850b4344503ff2f38", "csep_teaching.py": "3ffe7732c177f6c720b0db829670b3f212cc3a1870a39c2ec71971b20c477ded", "download.py": "92224bc12de20b4fcbf00fa514f62ffc3b13a8c49ec592c35f8d80c77aa41335", "italy.py": "fc6f7f474b2204b00af5679d13be34743af6c846277403dfbd9c39942ba95737", "italy_models.py": "549c490c4406d21f91cb6f488709c648572cb59a75589e03361cdd745d36fcec", "readers.py": "dd6f832c36a9dd85a96239104d30f978d2aa86ba29f2e79adc226bf5250912ec", "stations.py": "30161e80b718925f038e3ad38773b2f6e4b9347028584f3dd13d219338498f72", "teaching.py": "4dfd50702a5c010a59ccdf6bcf1c4a796e6fdb91cb63c00206b1903bd541445f", "viz.py": "24e45158e7c3072cf6a0ddd0403ca8ea4bbd667caae14f669dfe1b96f8fc1c42"}}
